Archive member included to satisfy reference by file (symbol)

C:/VSD/FreedomStudio-3-1-1-x86_64-w64-mingw32/FreedomStudio-3-1-1/SiFive/freedom-e-sdk-v21.11.00.00/bsp/sifive-hifive1/install/lib/debug/\libmetal.a(entry.o)
                              (_enter)
C:/VSD/FreedomStudio-3-1-1-x86_64-w64-mingw32/FreedomStudio-3-1-1/SiFive/freedom-e-sdk-v21.11.00.00/bsp/sifive-hifive1/install/lib/debug/\libmetal.a(scrub.o)
                              C:/VSD/FreedomStudio-3-1-1-x86_64-w64-mingw32/FreedomStudio-3-1-1/SiFive/freedom-e-sdk-v21.11.00.00/bsp/sifive-hifive1/install/lib/debug/\libmetal.a(entry.o) (__metal_before_start)
C:/VSD/FreedomStudio-3-1-1-x86_64-w64-mingw32/FreedomStudio-3-1-1/SiFive/freedom-e-sdk-v21.11.00.00/bsp/sifive-hifive1/install/lib/debug/\libmetal.a(trap.o)
                              C:/VSD/FreedomStudio-3-1-1-x86_64-w64-mingw32/FreedomStudio-3-1-1/SiFive/freedom-e-sdk-v21.11.00.00/bsp/sifive-hifive1/install/lib/debug/\libmetal.a(entry.o) (early_trap_vector)
C:/VSD/FreedomStudio-3-1-1-x86_64-w64-mingw32/FreedomStudio-3-1-1/SiFive/freedom-e-sdk-v21.11.00.00/bsp/sifive-hifive1/install/lib/debug/\libmetal-gloss.a(crt0.o)
                              C:/VSD/FreedomStudio-3-1-1-x86_64-w64-mingw32/FreedomStudio-3-1-1/SiFive/freedom-e-sdk-v21.11.00.00/bsp/sifive-hifive1/install/lib/debug/\libmetal.a(entry.o) (_start)
C:/VSD/FreedomStudio-3-1-1-x86_64-w64-mingw32/FreedomStudio-3-1-1/SiFive/riscv64-unknown-elf-toolsuite-2.0.3/bin/../lib/gcc/riscv64-unknown-elf/13.2.0/../../../../riscv64-unknown-elf/lib/rv32imac/ilp32\libc_nano.a(libc_a-atexit.o)
                              C:/VSD/FreedomStudio-3-1-1-x86_64-w64-mingw32/FreedomStudio-3-1-1/SiFive/freedom-e-sdk-v21.11.00.00/bsp/sifive-hifive1/install/lib/debug/\libmetal-gloss.a(crt0.o) (atexit)
C:/VSD/FreedomStudio-3-1-1-x86_64-w64-mingw32/FreedomStudio-3-1-1/SiFive/riscv64-unknown-elf-toolsuite-2.0.3/bin/../lib/gcc/riscv64-unknown-elf/13.2.0/../../../../riscv64-unknown-elf/lib/rv32imac/ilp32\libc_nano.a(libc_a-exit.o)
                              C:/VSD/FreedomStudio-3-1-1-x86_64-w64-mingw32/FreedomStudio-3-1-1/SiFive/freedom-e-sdk-v21.11.00.00/bsp/sifive-hifive1/install/lib/debug/\libmetal-gloss.a(crt0.o) (exit)
C:/VSD/FreedomStudio-3-1-1-x86_64-w64-mingw32/FreedomStudio-3-1-1/SiFive/riscv64-unknown-elf-toolsuite-2.0.3/bin/../lib/gcc/riscv64-unknown-elf/13.2.0/../../../../riscv64-unknown-elf/lib/rv32imac/ilp32\libc_nano.a(libc_a-findfp.o)
                              C:/VSD/FreedomStudio-3-1-1-x86_64-w64-mingw32/FreedomStudio-3-1-1/SiFive/riscv64-unknown-elf-toolsuite-2.0.3/bin/../lib/gcc/riscv64-unknown-elf/13.2.0/../../../../riscv64-unknown-elf/lib/rv32imac/ilp32\libc_nano.a(libc_a-exit.o) (__stdio_exit_handler)
C:/VSD/FreedomStudio-3-1-1-x86_64-w64-mingw32/FreedomStudio-3-1-1/SiFive/riscv64-unknown-elf-toolsuite-2.0.3/bin/../lib/gcc/riscv64-unknown-elf/13.2.0/../../../../riscv64-unknown-elf/lib/rv32imac/ilp32\libc_nano.a(libc_a-fwalk.o)
                              C:/VSD/FreedomStudio-3-1-1-x86_64-w64-mingw32/FreedomStudio-3-1-1/SiFive/riscv64-unknown-elf-toolsuite-2.0.3/bin/../lib/gcc/riscv64-unknown-elf/13.2.0/../../../../riscv64-unknown-elf/lib/rv32imac/ilp32\libc_nano.a(libc_a-findfp.o) (_fwalk_sglue)
C:/VSD/FreedomStudio-3-1-1-x86_64-w64-mingw32/FreedomStudio-3-1-1/SiFive/riscv64-unknown-elf-toolsuite-2.0.3/bin/../lib/gcc/riscv64-unknown-elf/13.2.0/../../../../riscv64-unknown-elf/lib/rv32imac/ilp32\libc_nano.a(libc_a-stdio.o)
                              C:/VSD/FreedomStudio-3-1-1-x86_64-w64-mingw32/FreedomStudio-3-1-1/SiFive/riscv64-unknown-elf-toolsuite-2.0.3/bin/../lib/gcc/riscv64-unknown-elf/13.2.0/../../../../riscv64-unknown-elf/lib/rv32imac/ilp32\libc_nano.a(libc_a-findfp.o) (__sread)
C:/VSD/FreedomStudio-3-1-1-x86_64-w64-mingw32/FreedomStudio-3-1-1/SiFive/riscv64-unknown-elf-toolsuite-2.0.3/bin/../lib/gcc/riscv64-unknown-elf/13.2.0/../../../../riscv64-unknown-elf/lib/rv32imac/ilp32\libc_nano.a(libc_a-closer.o)
                              C:/VSD/FreedomStudio-3-1-1-x86_64-w64-mingw32/FreedomStudio-3-1-1/SiFive/riscv64-unknown-elf-toolsuite-2.0.3/bin/../lib/gcc/riscv64-unknown-elf/13.2.0/../../../../riscv64-unknown-elf/lib/rv32imac/ilp32\libc_nano.a(libc_a-stdio.o) (_close_r)
C:/VSD/FreedomStudio-3-1-1-x86_64-w64-mingw32/FreedomStudio-3-1-1/SiFive/riscv64-unknown-elf-toolsuite-2.0.3/bin/../lib/gcc/riscv64-unknown-elf/13.2.0/../../../../riscv64-unknown-elf/lib/rv32imac/ilp32\libc_nano.a(libc_a-reent.o)
                              C:/VSD/FreedomStudio-3-1-1-x86_64-w64-mingw32/FreedomStudio-3-1-1/SiFive/riscv64-unknown-elf-toolsuite-2.0.3/bin/../lib/gcc/riscv64-unknown-elf/13.2.0/../../../../riscv64-unknown-elf/lib/rv32imac/ilp32\libc_nano.a(libc_a-closer.o) (errno)
C:/VSD/FreedomStudio-3-1-1-x86_64-w64-mingw32/FreedomStudio-3-1-1/SiFive/riscv64-unknown-elf-toolsuite-2.0.3/bin/../lib/gcc/riscv64-unknown-elf/13.2.0/../../../../riscv64-unknown-elf/lib/rv32imac/ilp32\libc_nano.a(libc_a-impure.o)
[...]
Memory Configuration

Name             Origin             Length             Attributes
ram              0x80000000         0x00004000         axrwl
rom              0x20100000         0x1fc00000         xrl!aw
*default*        0x00000000         0xffffffff

Linker script and memory map

LOAD C:\Users\shwet\AppData\Local\Temp\ccaIc242.o
START GROUP
LOAD C:/VSD/FreedomStudio-3-1-1-x86_64-w64-mingw32/FreedomStudio-3-1-1/SiFive/riscv64-unknown-elf-toolsuite-2.0.3/bin/../lib/gcc/riscv64-unknown-elf/13.2.0/../../../../riscv64-unknown-elf/lib/rv32imac/ilp32\libc_nano.a
LOAD C:/VSD/FreedomStudio-3-1-1-x86_64-w64-mingw32/FreedomStudio-3-1-1/SiFive/riscv64-unknown-elf-toolsuite-2.0.3/bin/../lib/gcc/riscv64-unknown-elf/13.2.0/rv32imac/ilp32\libgcc.a
LOAD C:/VSD/FreedomStudio-3-1-1-x86_64-w64-mingw32/FreedomStudio-3-1-1/SiFive/riscv64-unknown-elf-toolsuite-2.0.3/bin/../lib/gcc/riscv64-unknown-elf/13.2.0/../../../../riscv64-unknown-elf/lib/rv32imac/ilp32\libm_nano.a
LOAD C:/VSD/FreedomStudio-3-1-1-x86_64-w64-mingw32/FreedomStudio-3-1-1/SiFive/freedom-e-sdk-v21.11.00.00/bsp/sifive-hifive1/install/lib/debug/\libmetal.a
LOAD C:/VSD/FreedomStudio-3-1-1-x86_64-w64-mingw32/FreedomStudio-3-1-1/SiFive/freedom-e-sdk-v21.11.00.00/bsp/sifive-hifive1/install/lib/debug/\libmetal-gloss.a
END GROUP
                0x00000400                        __stack_size = DEFINED (__stack_size)?__stack_size:0x400
                [!provide]                        PROVIDE (__stack_size = __stack_size)
                0x00000800                        __heap_size = DEFINED (__heap_size)?__heap_size:0x800
                0x00000000                        PROVIDE (__metal_boot_hart = 0x0)
                0x00000001                        PROVIDE (__metal_chicken_bit = 0x1)
                0x00000000                        PROVIDE (__metal_eccscrub_bit = 0x0)
                [!provide]                        PROVIDE (metal_dtim_0_memory_start = 0x80000000)
                [!provide]                        PROVIDE (metal_dtim_0_memory_end = 0x80004000)

.init           0x20100000      0x2c4
 *(.text.metal.init.enter)
 .text.metal.init.enter
                0x20100000       0x88 C:/VSD/FreedomStudio-3-1-1-x86_64-w64-mingw32/FreedomStudio-3-1-1/SiFive/freedom-e-sdk-v21.11.00.00/bsp/sifive-hifive1/install/lib/debug/\libmetal.a(entry.o)
                0x20100000                _enter
 *(.text.metal.init.*)
 .text.metal.init.__register_frame_info
                0x20100088        0x2 C:/VSD/FreedomStudio-3-1-1-x86_64-w64-mingw32/FreedomStudio-3-1-1/SiFive/freedom-e-sdk-v21.11.00.00/bsp/sifive-hifive1/install/lib/debug/\libmetal.a(entry.o)
                0x20100088                __register_frame_info
 .text.metal.init.scrub
                0x2010008a       0xa8 C:/VSD/FreedomStudio-3-1-1-x86_64-w64-mingw32/FreedomStudio-3-1-1/SiFive/freedom-e-sdk-v21.11.00.00/bsp/sifive-hifive1/install/lib/debug/\libmetal.a(scrub.o)
                0x2010008a                metal_mem_scrub
                0x201000cc                __metal_before_start
 *fill*         0x20100132        0x2 
 .text.metal.init.trapvec
                0x20100134        0xe C:/VSD/FreedomStudio-3-1-1-x86_64-w64-mingw32/FreedomStudio-3-1-1/SiFive/freedom-e-sdk-v21.11.00.00/bsp/sifive-hifive1/install/lib/debug/\libmetal.a(trap.o)
                0x20100134                early_trap_vector
 *(SORT_NONE(.init))
 .init          0x20100142        0xe C:/VSD/FreedomStudio-3-1-1-x86_64-w64-mingw32/FreedomStudio-3-1-1/SiFive/freedom-e-sdk-v21.11.00.00/bsp/sifive-hifive1/install/lib/debug/\libmetal.a(synchronize_harts.o)
                0x20100142                __metal_synchronize_harts
 *(.text.libgloss.start)
 .text.libgloss.start
                0x20100150      0x174 C:/VSD/FreedomStudio-3-1-1-x86_64-w64-mingw32/FreedomStudio-3-1-1/SiFive/freedom-e-sdk-v21.11.00.00/bsp/sifive-hifive1/install/lib/debug/\libmetal-gloss.a(crt0.o)
                0x20100150                _start
                0x201002a2                _fini
                0x201002a2                _init
                0x201002a4                secondary_main

.fini
 *(SORT_NONE(.fini))

.preinit_array  0x201002c8        0x0
                0x201002c8                        PROVIDE (__preinit_array_start = .)
 *(.preinit_array)
                0x201002c8                        PROVIDE (__preinit_array_end = .)

.init_array     0x201002c8        0xc
                0x201002c8                        PROVIDE (__init_array_start = .)
 *(SORT_BY_INIT_PRIORITY(.init_array.*) SORT_BY_INIT_PRIORITY(.ctors.*))
 *(.init_array EXCLUDE_FILE(*crtend?.o *crtend.o *crtbegin?.o *crtbegin.o) .ctors)
                0x201002c8                        PROVIDE (__init_array_end = .)
                0x201002c8                        PROVIDE (metal_constructors_start = .)
 *(SORT_BY_INIT_PRIORITY(.metal.init_array.*))
 .metal.init_array.5000
                0x201002c8        0x8 C:/VSD/FreedomStudio-3-1-1-x86_64-w64-mingw32/FreedomStudio-3-1-1/SiFive/freedom-e-sdk-v21.11.00.00/bsp/sifive-hifive1/install/lib/debug/\libmetal.a(sifive_fe310-g000_pll.o)
                0x201002c8                _metal_sifive_fe310_g000_pll_init_ptr
                0x201002cc                _use_hfxosc_ptr
 .metal.init_array.5000
                0x201002d0        0x4 C:/VSD/FreedomStudio-3-1-1-x86_64-w64-mingw32/FreedomStudio-3-1-1/SiFive/freedom-e-sdk-v21.11.00.00/bsp/sifive-hifive1/install/lib/debug/\libmetal.a(tty.o)
                0x201002d0                _metal_tty_init_ptr
 *(.metal.init_array)
                0x201002d4                        PROVIDE (metal_constructors_end = .)

.fini_array     0x201002d8        0x0
                0x201002d8                        PROVIDE (__fini_array_start = .)
 *(SORT_BY_INIT_PRIORITY(.fini_array.*) SORT_BY_INIT_PRIORITY(.dtors.*))
 *(.fini_array EXCLUDE_FILE(*crtend?.o *crtend.o *crtbegin?.o *crtbegin.o) .dtors)
                0x201002d8                        PROVIDE (__fini_array_end = .)
                0x201002d8                        PROVIDE (metal_destructors_start = .)
 *(SORT_BY_INIT_PRIORITY(.metal.fini_array.*))
 *(.metal.fini_array)
                0x201002d8                        PROVIDE (metal_destructors_end = .)

.ctors          0x201002d4       0x7a
 *crtbegin.o(.ctors)
 *crtbegin?.o(.ctors)
 *(EXCLUDE_FILE(*crtend?.o *crtend.o) .ctors)
 *(SORT_BY_NAME(.ctors.*))
 *(.ctors)
 *(.metal.ctors .metal.ctors.*)
 .metal.ctors   0x201002d4       0x56 C:/VSD/FreedomStudio-3-1-1-x86_64-w64-mingw32/FreedomStudio-3-1-1/SiFive/freedom-e-sdk-v21.11.00.00/bsp/sifive-hifive1/install/lib/debug/\libmetal.a(sifive_fe310-g000_pll.o)
                0x201002d4                metal_sifive_fe310_g000_pll_init
                0x20100300                use_hfxosc
 .metal.ctors   0x2010032a       0x24 C:/VSD/FreedomStudio-3-1-1-x86_64-w64-mingw32/FreedomStudio-3-1-1/SiFive/freedom-e-sdk-v21.11.00.00/bsp/sifive-hifive1/install/lib/debug/\libmetal.a(tty.o)
                0x2010032a                metal_tty_init

.dtors
 *crtbegin.o(.dtors)
 *crtbegin?.o(.dtors)
 *(EXCLUDE_FILE(*crtend?.o *crtend.o) .dtors)
 *(SORT_BY_NAME(.dtors.*))
 *(.dtors)
 *(.metal.dtors .metal.dtors.*)

.rodata         0x20100350      0xb88
 *(.rdata)
 *(.rodata .rodata.*)
 .rodata        0x20100350       0x13 C:\Users\shwet\AppData\Local\Temp\ccaIc242.o
 *fill*         0x20100363        0x5 
 .rodata.libgloss.start
                0x20100368       0x11 C:/VSD/FreedomStudio-3-1-1-x86_64-w64-mingw32/FreedomStudio-3-1-1/SiFive/freedom-e-sdk-v21.11.00.00/bsp/sifive-hifive1/install/lib/debug/\libmetal-gloss.a(crt0.o)
 *fill*         0x20100379        0x3 
 .rodata.__metal_driver_vtable_riscv_clint0
                0x2010037c       0x64 C:/VSD/FreedomStudio-3-1-1-x86_64-w64-mingw32/FreedomStudio-3-1-1/SiFive/freedom-e-sdk-v21.11.00.00/bsp/sifive-hifive1/install/lib/debug/\libmetal.a(riscv_clint0.o)
                0x2010037c                __metal_driver_vtable_riscv_clint0
 .rodata.__metal_local_interrupt_enable
                0x201003e0       0x80 C:/VSD/FreedomStudio-3-1-1-x86_64-w64-mingw32/FreedomStudio-3-1-1/SiFive/freedom-e-sdk-v21.11.00.00/bsp/sifive-hifive1/install/lib/debug/\libmetal.a(riscv_cpu.o)
 .rodata.__metal_driver_vtable_riscv_cpu_intc
                0x20100460       0x64 C:/VSD/FreedomStudio-3-1-1-x86_64-w64-mingw32/FreedomStudio-3-1-1/SiFive/freedom-e-sdk-v21.11.00.00/bsp/sifive-hifive1/install/lib/debug/\libmetal.a(riscv_cpu.o)
                0x20100460                __metal_driver_vtable_riscv_cpu_intc
 .rodata.__metal_driver_vtable_cpu
                0x201004c4       0x44 C:/VSD/FreedomStudio-3-1-1-x86_64-w64-mingw32/FreedomStudio-3-1-1/SiFive/freedom-e-sdk-v21.11.00.00/bsp/sifive-hifive1/install/lib/debug/\libmetal.a(riscv_cpu.o)
                0x201004c4                __metal_driver_vtable_cpu
 .rodata.__metal_driver_vtable_riscv_plic0
                0x20100508       0x64 C:/VSD/FreedomStudio-3-1-1-x86_64-w64-mingw32/FreedomStudio-3-1-1/SiFive/freedom-e-sdk-v21.11.00.00/bsp/sifive-hifive1/install/lib/debug/\libmetal.a(riscv_plic0.o)
                0x20100508                __metal_driver_vtable_riscv_plic0
 .rodata.pll_configs
                0x2010056c      0x880 C:/VSD/FreedomStudio-3-1-1-x86_64-w64-mingw32/FreedomStudio-3-1-1/SiFive/freedom-e-sdk-v21.11.00.00/bsp/sifive-hifive1/install/lib/debug/\libmetal.a(sifive_fe310-g000_pll.o)
 .rodata.__metal_driver_vtable_sifive_fe310_g000_pll
                0x20100dec        0xc C:/VSD/FreedomStudio-3-1-1-x86_64-w64-mingw32/FreedomStudio-3-1-1/SiFive/freedom-e-sdk-v21.11.00.00/bsp/sifive-hifive1/install/lib/debug/\libmetal.a(sifive_fe310-g000_pll.o)
                0x20100dec                __metal_driver_vtable_sifive_fe310_g000_pll
 .rodata.__metal_driver_sifive_gpio0_config_int
                0x20100df8       0x20 C:/VSD/FreedomStudio-3-1-1-x86_64-w64-mingw32/FreedomStudio-3-1-1/SiFive/freedom-e-sdk-v21.11.00.00/bsp/sifive-hifive1/install/lib/debug/\libmetal.a(sifive_gpio0.o)
 .rodata.__metal_driver_sifive_gpio0_clear_int
                0x20100e18       0x20 C:/VSD/FreedomStudio-3-1-1-x86_64-w64-mingw32/FreedomStudio-3-1-1/SiFive/freedom-e-sdk-v21.11.00.00/bsp/sifive-hifive1/install/lib/debug/\libmetal.a(sifive_gpio0.o)
 .rodata.__metal_driver_vtable_sifive_gpio0
                0x20100e38       0x3c C:/VSD/FreedomStudio-3-1-1-x86_64-w64-mingw32/FreedomStudio-3-1-1/SiFive/freedom-e-sdk-v21.11.00.00/bsp/sifive-hifive1/install/lib/debug/\libmetal.a(sifive_gpio0.o)
                0x20100e38                __metal_driver_vtable_sifive_gpio0
 .rodata.__metal_driver_vtable_sifive_uart0
                0x20100e74       0x40 C:/VSD/FreedomStudio-3-1-1-x86_64-w64-mingw32/FreedomStudio-3-1-1/SiFive/freedom-e-sdk-v21.11.00.00/bsp/sifive-hifive1/install/lib/debug/\libmetal.a(sifive_uart0.o)
                0x20100e74                __metal_driver_vtable_sifive_uart0
 *(.gnu.linkonce.r.*)
                0x20100eb8                        . = ALIGN (0x8)
 *fill*         0x20100eb4        0x4 
 *(.srodata.cst16)
 *(.srodata.cst8)
 *(.srodata.cst4)
 *(.srodata.cst2)
 *(.srodata .srodata.*)
 .srodata.__metal_driver_vtable_sifive_fe310_g000_hfrosc
                0x20100eb8        0x8 C:/VSD/FreedomStudio-3-1-1-x86_64-w64-mingw32/FreedomStudio-3-1-1/SiFive/freedom-e-sdk-v21.11.00.00/bsp/sifive-hifive1/install/lib/debug/\libmetal.a(sifive_fe310-g000_hfrosc.o)
                0x20100eb8                __metal_driver_vtable_sifive_fe310_g000_hfrosc
 .srodata.__metal_driver_vtable_sifive_fe310_g000_hfxosc
                0x20100ec0        0x8 C:/VSD/FreedomStudio-3-1-1-x86_64-w64-mingw32/FreedomStudio-3-1-1/SiFive/freedom-e-sdk-v21.11.00.00/bsp/sifive-hifive1/install/lib/debug/\libmetal.a(sifive_fe310-g000_hfxosc.o)
                0x20100ec0                __metal_driver_vtable_sifive_fe310_g000_hfxosc
 .srodata.__metal_driver_vtable_sifive_fe310_g000_prci
                0x20100ec8        0x8 C:/VSD/FreedomStudio-3-1-1-x86_64-w64-mingw32/FreedomStudio-3-1-1/SiFive/freedom-e-sdk-v21.11.00.00/bsp/sifive-hifive1/install/lib/debug/\libmetal.a(sifive_fe310-g000_prci.o)
                0x20100ec8                __metal_driver_vtable_sifive_fe310_g000_prci
 .srodata.__metal_driver_vtable_fixed_clock
                0x20100ed0        0x8 C:/VSD/FreedomStudio-3-1-1-x86_64-w64-mingw32/FreedomStudio-3-1-1/SiFive/freedom-e-sdk-v21.11.00.00/bsp/sifive-hifive1/install/lib/debug/\libmetal.a(fixed-clock.o)
                0x20100ed0                __metal_driver_vtable_fixed_clock

.itim           0x80000000        0x0 load address 0x20100ed8
 *(.itim .itim.*)
                0x20100ed8                        PROVIDE (metal_segment_itim_source_start = LOADADDR (.itim))
                0x80000000                        PROVIDE (metal_segment_itim_target_start = ADDR (.itim))
                0x80000000                        PROVIDE (metal_segment_itim_target_end = (ADDR (.itim) + SIZEOF (.itim)))

.lim            0x80000000        0x0 load address 0x20100ed8
 *(.lim .lim.*)
                0x20100ed8                        PROVIDE (metal_segment_lim_source_start = LOADADDR (.lim))
                0x80000000                        PROVIDE (metal_segment_lim_target_start = ADDR (.lim))
                0x80000000                        PROVIDE (metal_segment_lim_target_end = (ADDR (.lim) + SIZEOF (.lim)))

.text           0x20100f00     0x4ab4
 *(.text.unlikely .text.unlikely.*)
 *(.text.startup .text.startup.*)
 *(.text .text.*)
 .text.uart_init_115200_from_hfrosc_14p4mhz
                0x20100f00       0xb6 C:\Users\shwet\AppData\Local\Temp\ccaIc242.o
 .text.uart_write_char
                0x20100fb6       0x2a C:\Users\shwet\AppData\Local\Temp\ccaIc242.o
 .text.uart_read_char_nonblock
                0x20100fe0       0x2e C:\Users\shwet\AppData\Local\Temp\ccaIc242.o
 .text.uart_write_str
                0x2010100e       0x4a C:\Users\shwet\AppData\Local\Temp\ccaIc242.o
 .text.main     0x20101058       0x30 C:\Users\shwet\AppData\Local\Temp\ccaIc242.o
                0x20101058                main
 .text.atexit   0x20101088        0xa C:/VSD/FreedomStudio-3-1-1-x86_64-w64-mingw32/FreedomStudio-3-1-1/SiFive/riscv64-unknown-elf-toolsuite-2.0.3/bin/../lib/gcc/riscv64-unknown-elf/13.2.0/../../../../riscv64-unknown-elf/lib/rv32imac/ilp32\libc_nano.a(libc_a-atexit.o)
                0x20101088                atexit
 .text.exit     0x20101092       0x28 C:/VSD/FreedomStudio-3-1-1-x86_64-w64-mingw32/FreedomStudio-3-1-1/SiFive/riscv64-unknown-elf-toolsuite-2.0.3/bin/../lib/gcc/riscv64-unknown-elf/13.2.0/../../../../riscv64-unknown-elf/lib/rv32imac/ilp32\libc_nano.a(libc_a-exit.o)
                0x20101092                exit
 .text.__libc_init_array
                0x201010ba       0x5e C:/VSD/FreedomStudio-3-1-1-x86_64-w64-mingw32/FreedomStudio-3-1-1/SiFive/riscv64-unknown-elf-toolsuite-2.0.3/bin/../lib/gcc/riscv64-unknown-elf/13.2.0/../../../../riscv64-unknown-elf/lib/rv32imac/ilp32\libc_nano.a(libc_a-init.o)
                0x201010ba                __libc_init_array
 .text.__libc_fini_array
                0x20101118       0x36 C:/VSD/FreedomStudio-3-1-1-x86_64-w64-mingw32/FreedomStudio-3-1-1/SiFive/riscv64-unknown-elf-toolsuite-2.0.3/bin/../lib/gcc/riscv64-unknown-elf/13.2.0/../../../../riscv64-unknown-elf/lib/rv32imac/ilp32\libc_nano.a(libc_a-fini.o)
                0x20101118                __libc_fini_array
 .text.__register_exitproc
                0x2010114e       0x80 C:/VSD/FreedomStudio-3-1-1-x86_64-w64-mingw32/FreedomStudio-3-1-1/SiFive/riscv64-unknown-elf-toolsuite-2.0.3/bin/../lib/gcc/riscv64-unknown-elf/13.2.0/../../../../riscv64-unknown-elf/lib/rv32imac/ilp32\libc_nano.a(libc_a-__atexit.o)
                0x2010114e                __register_exitproc
 .text.__call_exitprocs
                0x201011ce       0xc8 C:/VSD/FreedomStudio-3-1-1-x86_64-w64-mingw32/FreedomStudio-3-1-1/SiFive/riscv64-unknown-elf-toolsuite-2.0.3/bin/../lib/gcc/riscv64-unknown-elf/13.2.0/../../../../riscv64-unknown-elf/lib/rv32imac/ilp32\libc_nano.a(libc_a-__call_atexit.o)
                0x201011ce                __call_exitprocs
 .text.metal_init
                0x20101296       0x78 C:/VSD/FreedomStudio-3-1-1-x86_64-w64-mingw32/FreedomStudio-3-1-1/SiFive/freedom-e-sdk-v21.11.00.00/bsp/sifive-hifive1/install/lib/debug/\libmetal.a(init.o)
                0x20101296                metal_init
 .text.metal_fini
                0x2010130e       0x78 C:/VSD/FreedomStudio-3-1-1-x86_64-w64-mingw32/FreedomStudio-3-1-1/SiFive/freedom-e-sdk-v21.11.00.00/bsp/sifive-hifive1/install/lib/debug/\libmetal.a(init.o)
                0x2010130e                metal_fini
 .text.metal_init_run
                0x20101386       0x14 C:/VSD/FreedomStudio-3-1-1-x86_64-w64-mingw32/FreedomStudio-3-1-1/SiFive/freedom-e-sdk-v21.11.00.00/bsp/sifive-hifive1/install/lib/debug/\libmetal.a(init.o)
                0x20101386                metal_init_run
 .text.metal_fini_run
                0x2010139a       0x14 C:/VSD/FreedomStudio-3-1-1-x86_64-w64-mingw32/FreedomStudio-3-1-1/SiFive/freedom-e-sdk-v21.11.00.00/bsp/sifive-hifive1/install/lib/debug/\libmetal.a(init.o)
                0x2010139a                metal_fini_run
 .text.__metal_driver_sifive_clint0_control_base
                0x201013ae       0x2a C:/VSD/FreedomStudio-3-1-1-x86_64-w64-mingw32/FreedomStudio-3-1-1/SiFive/freedom-e-sdk-v21.11.00.00/bsp/sifive-hifive1/install/lib/debug/\libmetal.a(riscv_clint0.o)
 .text.__metal_driver_sifive_clint0_num_interrupts
                0x201013d8       0x28 C:/VSD/FreedomStudio-3-1-1-x86_64-w64-mingw32/FreedomStudio-3-1-1/SiFive/freedom-e-sdk-v21.11.00.00/bsp/sifive-hifive1/install/lib/debug/\libmetal.a(riscv_clint0.o)
 .text.__metal_driver_sifive_clint0_interrupt_parents
                0x20101400       0x3c C:/VSD/FreedomStudio-3-1-1-x86_64-w64-mingw32/FreedomStudio-3-1-1/SiFive/freedom-e-sdk-v21.11.00.00/bsp/sifive-hifive1/install/lib/debug/\libmetal.a(riscv_clint0.o)
 .text.__metal_driver_sifive_clint0_interrupt_lines
                0x2010143c       0x30 C:/VSD/FreedomStudio-3-1-1-x86_64-w64-mingw32/FreedomStudio-3-1-1/SiFive/freedom-e-sdk-v21.11.00.00/bsp/sifive-hifive1/install/lib/debug/\libmetal.a(riscv_clint0.o)
 .text.__metal_clint0_mtime_get
                0x2010146c       0x9a C:/VSD/FreedomStudio-3-1-1-x86_64-w64-mingw32/FreedomStudio-3-1-1/SiFive/freedom-e-sdk-v21.11.00.00/bsp/sifive-hifive1/install/lib/debug/\libmetal.a(riscv_clint0.o)
                0x2010146c                __metal_clint0_mtime_get
 .text.__metal_driver_riscv_clint0_mtimecmp_set
                0x20101506       0x96 C:/VSD/FreedomStudio-3-1-1-x86_64-w64-mingw32/FreedomStudio-3-1-1/SiFive/freedom-e-sdk-v21.11.00.00/bsp/sifive-hifive1/install/lib/debug/\libmetal.a(riscv_clint0.o)
                0x20101506                __metal_driver_riscv_clint0_mtimecmp_set
 .text._get_cpu_intc
                0x2010159c       0x36 C:/VSD/FreedomStudio-3-1-1-x86_64-w64-mingw32/FreedomStudio-3-1-1/SiFive/freedom-e-sdk-v21.11.00.00/bsp/sifive-hifive1/install/lib/debug/\libmetal.a(riscv_clint0.o)
 .text.__metal_driver_riscv_clint0_init
                0x201015d2       0x88 C:/VSD/FreedomStudio-3-1-1-x86_64-w64-mingw32/FreedomStudio-3-1-1/SiFive/freedom-e-sdk-v21.11.00.00/bsp/sifive-hifive1/install/lib/debug/\libmetal.a(riscv_clint0.o)
                0x201015d2                __metal_driver_riscv_clint0_init
 .text.__metal_driver_riscv_clint0_register
                0x2010165a       0xda C:/VSD/FreedomStudio-3-1-1-x86_64-w64-mingw32/FreedomStudio-3-1-1/SiFive/freedom-e-sdk-v21.11.00.00/bsp/sifive-hifive1/install/lib/debug/\libmetal.a(riscv_clint0.o)
                0x2010165a                __metal_driver_riscv_clint0_register
 .text.__metal_driver_riscv_clint0_vector_register
                0x20101734       0x28 C:/VSD/FreedomStudio-3-1-1-x86_64-w64-mingw32/FreedomStudio-3-1-1/SiFive/freedom-e-sdk-v21.11.00.00/bsp/sifive-hifive1/install/lib/debug/\libmetal.a(riscv_clint0.o)
                0x20101734                __metal_driver_riscv_clint0_vector_register
 .text.__metal_driver_riscv_clint0_get_vector_mode
                0x2010175c       0x1c C:/VSD/FreedomStudio-3-1-1-x86_64-w64-mingw32/FreedomStudio-3-1-1/SiFive/freedom-e-sdk-v21.11.00.00/bsp/sifive-hifive1/install/lib/debug/\libmetal.a(riscv_clint0.o)
                0x2010175c                __metal_driver_riscv_clint0_get_vector_mode
 .text.__metal_driver_riscv_clint0_set_vector_mode
                0x20101778       0x54 C:/VSD/FreedomStudio-3-1-1-x86_64-w64-mingw32/FreedomStudio-3-1-1/SiFive/freedom-e-sdk-v21.11.00.00/bsp/sifive-hifive1/install/lib/debug/\libmetal.a(riscv_clint0.o)
                0x20101778                __metal_driver_riscv_clint0_set_vector_mode
 .text.__metal_driver_riscv_clint0_enable
                0x201017cc       0xb2 C:/VSD/FreedomStudio-3-1-1-x86_64-w64-mingw32/FreedomStudio-3-1-1/SiFive/freedom-e-sdk-v21.11.00.00/bsp/sifive-hifive1/install/lib/debug/\libmetal.a(riscv_clint0.o)
                0x201017cc                __metal_driver_riscv_clint0_enable
 .text.__metal_driver_riscv_clint0_disable
                0x2010187e       0xb2 C:/VSD/FreedomStudio-3-1-1-x86_64-w64-mingw32/FreedomStudio-3-1-1/SiFive/freedom-e-sdk-v21.11.00.00/bsp/sifive-hifive1/install/lib/debug/\libmetal.a(riscv_clint0.o)
                0x2010187e                __metal_driver_riscv_clint0_disable
 .text.__metal_driver_riscv_clint0_command_request
                0x20101930      0x13c C:/VSD/FreedomStudio-3-1-1-x86_64-w64-mingw32/FreedomStudio-3-1-1/SiFive/freedom-e-sdk-v21.11.00.00/bsp/sifive-hifive1/install/lib/debug/\libmetal.a(riscv_clint0.o)
                0x20101930                __metal_driver_riscv_clint0_command_request
 .text.__metal_driver_riscv_clint0_clear_interrupt
                0x20101a6c       0x34 C:/VSD/FreedomStudio-3-1-1-x86_64-w64-mingw32/FreedomStudio-3-1-1/SiFive/freedom-e-sdk-v21.11.00.00/bsp/sifive-hifive1/install/lib/debug/\libmetal.a(riscv_clint0.o)
                0x20101a6c                __metal_driver_riscv_clint0_clear_interrupt
 .text.__metal_driver_riscv_clint0_set_interrupt
                0x20101aa0       0x34 C:/VSD/FreedomStudio-3-1-1-x86_64-w64-mingw32/FreedomStudio-3-1-1/SiFive/freedom-e-sdk-v21.11.00.00/bsp/sifive-hifive1/install/lib/debug/\libmetal.a(riscv_clint0.o)
                0x20101aa0                __metal_driver_riscv_clint0_set_interrupt
 .text.__metal_driver_cpu_hartid
                0x20101ad4       0x28 C:/VSD/FreedomStudio-3-1-1-x86_64-w64-mingw32/FreedomStudio-3-1-1/SiFive/freedom-e-sdk-v21.11.00.00/bsp/sifive-hifive1/install/lib/debug/\libmetal.a(riscv_cpu.o)
 .text.__metal_driver_cpu_timebase
                0x20101afc       0x2e C:/VSD/FreedomStudio-3-1-1-x86_64-w64-mingw32/FreedomStudio-3-1-1/SiFive/freedom-e-sdk-v21.11.00.00/bsp/sifive-hifive1/install/lib/debug/\libmetal.a(riscv_cpu.o)
 .text.__metal_driver_cpu_interrupt_controller
                0x20101b2a       0x2e C:/VSD/FreedomStudio-3-1-1-x86_64-w64-mingw32/FreedomStudio-3-1-1/SiFive/freedom-e-sdk-v21.11.00.00/bsp/sifive-hifive1/install/lib/debug/\libmetal.a(riscv_cpu.o)
 .text.__metal_driver_cpu_buserror
                0x20101b58       0x28 C:/VSD/FreedomStudio-3-1-1-x86_64-w64-mingw32/FreedomStudio-3-1-1/SiFive/freedom-e-sdk-v21.11.00.00/bsp/sifive-hifive1/install/lib/debug/\libmetal.a(riscv_cpu.o)
 .text.__metal_driver_cpu_get
                0x20101b80       0x30 C:/VSD/FreedomStudio-3-1-1-x86_64-w64-mingw32/FreedomStudio-3-1-1/SiFive/freedom-e-sdk-v21.11.00.00/bsp/sifive-hifive1/install/lib/debug/\libmetal.a(riscv_cpu.o)
                0x20101b80                __metal_driver_cpu_get
 .text.__metal_myhart_id
                0x20101bb0       0x1a C:/VSD/FreedomStudio-3-1-1-x86_64-w64-mingw32/FreedomStudio-3-1-1/SiFive/freedom-e-sdk-v21.11.00.00/bsp/sifive-hifive1/install/lib/debug/\libmetal.a(riscv_cpu.o)
                0x20101bb0                __metal_myhart_id
 .text.__metal_interrupt_global_enable
                0x20101bca       0x18 C:/VSD/FreedomStudio-3-1-1-x86_64-w64-mingw32/FreedomStudio-3-1-1/SiFive/freedom-e-sdk-v21.11.00.00/bsp/sifive-hifive1/install/lib/debug/\libmetal.a(riscv_cpu.o)
                0x20101bca                __metal_interrupt_global_enable
 .text.__metal_interrupt_global_disable
                0x20101be2       0x18 C:/VSD/FreedomStudio-3-1-1-x86_64-w64-mingw32/FreedomStudio-3-1-1/SiFive/freedom-e-sdk-v21.11.00.00/bsp/sifive-hifive1/install/lib/debug/\libmetal.a(riscv_cpu.o)
                0x20101be2                __metal_interrupt_global_disable
 .text.__metal_interrupt_software_enable
                0x20101bfa       0x18 C:/VSD/FreedomStudio-3-1-1-x86_64-w64-mingw32/FreedomStudio-3-1-1/SiFive/freedom-e-sdk-v21.11.00.00/bsp/sifive-hifive1/install/lib/debug/\libmetal.a(riscv_cpu.o)
                0x20101bfa                __metal_interrupt_software_enable
 .text.__metal_interrupt_software_disable
                0x20101c12       0x18 C:/VSD/FreedomStudio-3-1-1-x86_64-w64-mingw32/FreedomStudio-3-1-1/SiFive/freedom-e-sdk-v21.11.00.00/bsp/sifive-hifive1/install/lib/debug/\libmetal.a(riscv_cpu.o)
                0x20101c12                __metal_interrupt_software_disable
 .text.__metal_interrupt_timer_enable
                0x20101c2a       0x1a C:/VSD/FreedomStudio-3-1-1-x86_64-w64-mingw32/FreedomStudio-3-1-1/SiFive/freedom-e-sdk-v21.11.00.00/bsp/sifive-hifive1/install/lib/debug/\libmetal.a(riscv_cpu.o)
                0x20101c2a                __metal_interrupt_timer_enable
 .text.__metal_interrupt_timer_disable
                0x20101c44       0x1a C:/VSD/FreedomStudio-3-1-1-x86_64-w64-mingw32/FreedomStudio-3-1-1/SiFive/freedom-e-sdk-v21.11.00.00/bsp/sifive-hifive1/install/lib/debug/\libmetal.a(riscv_cpu.o)
                0x20101c44                __metal_interrupt_timer_disable
 .text.__metal_interrupt_external_enable
                0x20101c5e       0x1c C:/VSD/FreedomStudio-3-1-1-x86_64-w64-mingw32/FreedomStudio-3-1-1/SiFive/freedom-e-sdk-v21.11.00.00/bsp/sifive-hifive1/install/lib/debug/\libmetal.a(riscv_cpu.o)
                0x20101c5e                __metal_interrupt_external_enable
 .text.__metal_interrupt_external_disable
                0x20101c7a       0x1c C:/VSD/FreedomStudio-3-1-1-x86_64-w64-mingw32/FreedomStudio-3-1-1/SiFive/freedom-e-sdk-v21.11.00.00/bsp/sifive-hifive1/install/lib/debug/\libmetal.a(riscv_cpu.o)
                0x20101c7a                __metal_interrupt_external_disable
 .text.__metal_interrupt_local_enable
                0x20101c96       0x2c C:/VSD/FreedomStudio-3-1-1-x86_64-w64-mingw32/FreedomStudio-3-1-1/SiFive/freedom-e-sdk-v21.11.00.00/bsp/sifive-hifive1/install/lib/debug/\libmetal.a(riscv_cpu.o)
                0x20101c96                __metal_interrupt_local_enable
 .text.__metal_interrupt_local_disable
                0x20101cc2       0x2c C:/VSD/FreedomStudio-3-1-1-x86_64-w64-mingw32/FreedomStudio-3-1-1/SiFive/freedom-e-sdk-v21.11.00.00/bsp/sifive-hifive1/install/lib/debug/\libmetal.a(riscv_cpu.o)
                0x20101cc2                __metal_interrupt_local_disable
 .text.__metal_default_exception_handler
                0x20101cee       0x18 C:/VSD/FreedomStudio-3-1-1-x86_64-w64-mingw32/FreedomStudio-3-1-1/SiFive/freedom-e-sdk-v21.11.00.00/bsp/sifive-hifive1/install/lib/debug/\libmetal.a(riscv_cpu.o)
                0x20101cee                __metal_default_exception_handler
 .text.__metal_default_interrupt_handler
                0x20101d06       0x18 C:/VSD/FreedomStudio-3-1-1-x86_64-w64-mingw32/FreedomStudio-3-1-1/SiFive/freedom-e-sdk-v21.11.00.00/bsp/sifive-hifive1/install/lib/debug/\libmetal.a(riscv_cpu.o)
                0x20101d06                __metal_default_interrupt_handler
 .text.metal_interrupt_vector_handler
                0x20101d1e       0x2e C:/VSD/FreedomStudio-3-1-1-x86_64-w64-mingw32/FreedomStudio-3-1-1/SiFive/freedom-e-sdk-v21.11.00.00/bsp/sifive-hifive1/install/lib/debug/\libmetal.a(riscv_cpu.o)
                0x20101d1e                metal_interrupt_vector_handler
 .text.metal_software_interrupt_vector_handler
                0x20101d4c       0x92 C:/VSD/FreedomStudio-3-1-1-x86_64-w64-mingw32/FreedomStudio-3-1-1/SiFive/freedom-e-sdk-v21.11.00.00/bsp/sifive-hifive1/install/lib/debug/\libmetal.a(riscv_cpu.o)
                0x20101d4c                metal_software_interrupt_vector_handler
 .text.__metal_default_sw_handler
                0x20101dde       0x68 C:/VSD/FreedomStudio-3-1-1-x86_64-w64-mingw32/FreedomStudio-3-1-1/SiFive/freedom-e-sdk-v21.11.00.00/bsp/sifive-hifive1/install/lib/debug/\libmetal.a(riscv_cpu.o)
                0x20101dde                __metal_default_sw_handler
 .text.metal_timer_interrupt_vector_handler
                0x20101e46       0x92 C:/VSD/FreedomStudio-3-1-1-x86_64-w64-mingw32/FreedomStudio-3-1-1/SiFive/freedom-e-sdk-v21.11.00.00/bsp/sifive-hifive1/install/lib/debug/\libmetal.a(riscv_cpu.o)
                0x20101e46                metal_timer_interrupt_vector_handler
 .text.__metal_default_beu_handler
                0x20101ed8       0x16 C:/VSD/FreedomStudio-3-1-1-x86_64-w64-mingw32/FreedomStudio-3-1-1/SiFive/freedom-e-sdk-v21.11.00.00/bsp/sifive-hifive1/install/lib/debug/\libmetal.a(riscv_cpu.o)
                0x20101ed8                __metal_default_beu_handler
 .text.__metal_default_timer_handler
                0x20101eee       0x66 C:/VSD/FreedomStudio-3-1-1-x86_64-w64-mingw32/FreedomStudio-3-1-1/SiFive/freedom-e-sdk-v21.11.00.00/bsp/sifive-hifive1/install/lib/debug/\libmetal.a(riscv_cpu.o)
                0x20101eee                __metal_default_timer_handler
 *fill*         0x20101f54       0x2c 
 .text.__metal_exception_handler
                0x20101f80      0x1f6 C:/VSD/FreedomStudio-3-1-1-x86_64-w64-mingw32/FreedomStudio-3-1-1/SiFive/freedom-e-sdk-v21.11.00.00/bsp/sifive-hifive1/install/lib/debug/\libmetal.a(riscv_cpu.o)
                0x20101f80                __metal_exception_handler
 .text.metal_lc0_interrupt_vector_handler
                0x20102176       0x94 C:/VSD/FreedomStudio-3-1-1-x86_64-w64-mingw32/FreedomStudio-3-1-1/SiFive/freedom-e-sdk-v21.11.00.00/bsp/sifive-hifive1/install/lib/debug/\libmetal.a(riscv_cpu.o)
                0x20102176                metal_lc0_interrupt_vector_handler
 .text.metal_lc1_interrupt_vector_handler
                0x2010220a       0x96 C:/VSD/FreedomStudio-3-1-1-x86_64-w64-mingw32/FreedomStudio-3-1-1/SiFive/freedom-e-sdk-v21.11.00.00/bsp/sifive-hifive1/install/lib/debug/\libmetal.a(riscv_cpu.o)
                0x2010220a                metal_lc1_interrupt_vector_handler
 .text.metal_lc2_interrupt_vector_handler
                0x201022a0       0x96 C:/VSD/FreedomStudio-3-1-1-x86_64-w64-mingw32/FreedomStudio-3-1-1/SiFive/freedom-e-sdk-v21.11.00.00/bsp/sifive-hifive1/install/lib/debug/\libmetal.a(riscv_cpu.o)
                0x201022a0                metal_lc2_interrupt_vector_handler
 .text.metal_lc3_interrupt_vector_handler
                0x20102336       0x96 C:/VSD/FreedomStudio-3-1-1-x86_64-w64-mingw32/FreedomStudio-3-1-1/SiFive/freedom-e-sdk-v21.11.00.00/bsp/sifive-hifive1/install/lib/debug/\libmetal.a(riscv_cpu.o)
                0x20102336                metal_lc3_interrupt_vector_handler
 .text.metal_lc4_interrupt_vector_handler
                0x201023cc       0x96 C:/VSD/FreedomStudio-3-1-1-x86_64-w64-mingw32/FreedomStudio-3-1-1/SiFive/freedom-e-sdk-v21.11.00.00/bsp/sifive-hifive1/install/lib/debug/\libmetal.a(riscv_cpu.o)
                0x201023cc                metal_lc4_interrupt_vector_handler
 .text.metal_lc5_interrupt_vector_handler
                0x20102462       0x96 C:/VSD/FreedomStudio-3-1-1-x86_64-w64-mingw32/FreedomStudio-3-1-1/SiFive/freedom-e-sdk-v21.11.00.00/bsp/sifive-hifive1/install/lib/debug/\libmetal.a(riscv_cpu.o)
                0x20102462                metal_lc5_interrupt_vector_handler
 .text.metal_lc6_interrupt_vector_handler
                0x201024f8       0x96 C:/VSD/FreedomStudio-3-1-1-x86_64-w64-mingw32/FreedomStudio-3-1-1/SiFive/freedom-e-sdk-v21.11.00.00/bsp/sifive-hifive1/install/lib/debug/\libmetal.a(riscv_cpu.o)
                0x201024f8                metal_lc6_interrupt_vector_handler
 .text.metal_lc7_interrupt_vector_handler
                0x2010258e       0x96 C:/VSD/FreedomStudio-3-1-1-x86_64-w64-mingw32/FreedomStudio-3-1-1/SiFive/freedom-e-sdk-v21.11.00.00/bsp/sifive-hifive1/install/lib/debug/\libmetal.a(riscv_cpu.o)
                0x2010258e                metal_lc7_interrupt_vector_handler
 .text.metal_lc8_interrupt_vector_handler
                0x20102624       0x96 C:/VSD/FreedomStudio-3-1-1-x86_64-w64-mingw32/FreedomStudio-3-1-1/SiFive/freedom-e-sdk-v21.11.00.00/bsp/sifive-hifive1/install/lib/debug/\libmetal.a(riscv_cpu.o)
                0x20102624                metal_lc8_interrupt_vector_handler
 .text.metal_lc9_interrupt_vector_handler
                0x201026ba       0x96 C:/VSD/FreedomStudio-3-1-1-x86_64-w64-mingw32/FreedomStudio-3-1-1/SiFive/freedom-e-sdk-v21.11.00.00/bsp/sifive-hifive1/install/lib/debug/\libmetal.a(riscv_cpu.o)
                0x201026ba                metal_lc9_interrupt_vector_handler
 .text.metal_lc10_interrupt_vector_handler
                0x20102750       0x96 C:/VSD/FreedomStudio-3-1-1-x86_64-w64-mingw32/FreedomStudio-3-1-1/SiFive/freedom-e-sdk-v21.11.00.00/bsp/sifive-hifive1/install/lib/debug/\libmetal.a(riscv_cpu.o)
                0x20102750                metal_lc10_interrupt_vector_handler
 .text.metal_lc11_interrupt_vector_handler
                0x201027e6       0x96 C:/VSD/FreedomStudio-3-1-1-x86_64-w64-mingw32/FreedomStudio-3-1-1/SiFive/freedom-e-sdk-v21.11.00.00/bsp/sifive-hifive1/install/lib/debug/\libmetal.a(riscv_cpu.o)
                0x201027e6                metal_lc11_interrupt_vector_handler
 .text.metal_lc12_interrupt_vector_handler
                0x2010287c       0x96 C:/VSD/FreedomStudio-3-1-1-x86_64-w64-mingw32/FreedomStudio-3-1-1/SiFive/freedom-e-sdk-v21.11.00.00/bsp/sifive-hifive1/install/lib/debug/\libmetal.a(riscv_cpu.o)
                0x2010287c                metal_lc12_interrupt_vector_handler
 .text.metal_lc13_interrupt_vector_handler
                0x20102912       0x96 C:/VSD/FreedomStudio-3-1-1-x86_64-w64-mingw32/FreedomStudio-3-1-1/SiFive/freedom-e-sdk-v21.11.00.00/bsp/sifive-hifive1/install/lib/debug/\libmetal.a(riscv_cpu.o)
                0x20102912                metal_lc13_interrupt_vector_handler
 .text.metal_lc14_interrupt_vector_handler
                0x201029a8       0x96 C:/VSD/FreedomStudio-3-1-1-x86_64-w64-mingw32/FreedomStudio-3-1-1/SiFive/freedom-e-sdk-v21.11.00.00/bsp/sifive-hifive1/install/lib/debug/\libmetal.a(riscv_cpu.o)
                0x201029a8                metal_lc14_interrupt_vector_handler
 .text.metal_lc15_interrupt_vector_handler
                0x20102a3e       0x96 C:/VSD/FreedomStudio-3-1-1-x86_64-w64-mingw32/FreedomStudio-3-1-1/SiFive/freedom-e-sdk-v21.11.00.00/bsp/sifive-hifive1/install/lib/debug/\libmetal.a(riscv_cpu.o)
                0x20102a3e                metal_lc15_interrupt_vector_handler
 .text.__metal_controller_interrupt_vector_mode
                0x20102ad4       0x58 C:/VSD/FreedomStudio-3-1-1-x86_64-w64-mingw32/FreedomStudio-3-1-1/SiFive/freedom-e-sdk-v21.11.00.00/bsp/sifive-hifive1/install/lib/debug/\libmetal.a(riscv_cpu.o)
                0x20102ad4                __metal_controller_interrupt_vector_mode
 .text.__metal_controller_interrupt_vector
                0x20102b2c       0xb2 C:/VSD/FreedomStudio-3-1-1-x86_64-w64-mingw32/FreedomStudio-3-1-1/SiFive/freedom-e-sdk-v21.11.00.00/bsp/sifive-hifive1/install/lib/debug/\libmetal.a(riscv_cpu.o)
                0x20102b2c                __metal_controller_interrupt_vector
 .text.__metal_valid_interrupt_id
                0x20102bde       0x56 C:/VSD/FreedomStudio-3-1-1-x86_64-w64-mingw32/FreedomStudio-3-1-1/SiFive/freedom-e-sdk-v21.11.00.00/bsp/sifive-hifive1/install/lib/debug/\libmetal.a(riscv_cpu.o)
                0x20102bde                __metal_valid_interrupt_id
 .text.__metal_local_interrupt_enable
                0x20102c34       0xbc C:/VSD/FreedomStudio-3-1-1-x86_64-w64-mingw32/FreedomStudio-3-1-1/SiFive/freedom-e-sdk-v21.11.00.00/bsp/sifive-hifive1/install/lib/debug/\libmetal.a(riscv_cpu.o)
                0x20102c34                __metal_local_interrupt_enable
 .text.__metal_exception_register
                0x20102cf0       0x4e C:/VSD/FreedomStudio-3-1-1-x86_64-w64-mingw32/FreedomStudio-3-1-1/SiFive/freedom-e-sdk-v21.11.00.00/bsp/sifive-hifive1/install/lib/debug/\libmetal.a(riscv_cpu.o)
                0x20102cf0                __metal_exception_register
 .text.__metal_driver_riscv_cpu_controller_interrupt_init
                0x20102d3e       0xe2 C:/VSD/FreedomStudio-3-1-1-x86_64-w64-mingw32/FreedomStudio-3-1-1/SiFive/freedom-e-sdk-v21.11.00.00/bsp/sifive-hifive1/install/lib/debug/\libmetal.a(riscv_cpu.o)
                0x20102d3e                __metal_driver_riscv_cpu_controller_interrupt_init
 .text.__metal_driver_riscv_cpu_controller_interrupt_register
                0x20102e20      0x1e0 C:/VSD/FreedomStudio-3-1-1-x86_64-w64-mingw32/FreedomStudio-3-1-1/SiFive/freedom-e-sdk-v21.11.00.00/bsp/sifive-hifive1/install/lib/debug/\libmetal.a(riscv_cpu.o)
                0x20102e20                __metal_driver_riscv_cpu_controller_interrupt_register
 .text.__metal_driver_riscv_cpu_controller_interrupt_enable
                0x20103000       0x2a C:/VSD/FreedomStudio-3-1-1-x86_64-w64-mingw32/FreedomStudio-3-1-1/SiFive/freedom-e-sdk-v21.11.00.00/bsp/sifive-hifive1/install/lib/debug/\libmetal.a(riscv_cpu.o)
                0x20103000                __metal_driver_riscv_cpu_controller_interrupt_enable
 .text.__metal_driver_riscv_cpu_controller_interrupt_disable
                0x2010302a       0x2a C:/VSD/FreedomStudio-3-1-1-x86_64-w64-mingw32/FreedomStudio-3-1-1/SiFive/freedom-e-sdk-v21.11.00.00/bsp/sifive-hifive1/install/lib/debug/\libmetal.a(riscv_cpu.o)
                0x2010302a                __metal_driver_riscv_cpu_controller_interrupt_disable
 .text.__metal_driver_riscv_cpu_controller_get_vector_mode
                0x20103054       0x1a C:/VSD/FreedomStudio-3-1-1-x86_64-w64-mingw32/FreedomStudio-3-1-1/SiFive/freedom-e-sdk-v21.11.00.00/bsp/sifive-hifive1/install/lib/debug/\libmetal.a(riscv_cpu.o)
                0x20103054                __metal_driver_riscv_cpu_controller_get_vector_mode
 .text.__metal_driver_riscv_cpu_controller_set_vector_mode
                0x2010306e       0x50 C:/VSD/FreedomStudio-3-1-1-x86_64-w64-mingw32/FreedomStudio-3-1-1/SiFive/freedom-e-sdk-v21.11.00.00/bsp/sifive-hifive1/install/lib/debug/\libmetal.a(riscv_cpu.o)
                0x2010306e                __metal_driver_riscv_cpu_controller_set_vector_mode
 .text.__metal_driver_riscv_cpu_controller_command_request
                0x201030be       0x1c C:/VSD/FreedomStudio-3-1-1-x86_64-w64-mingw32/FreedomStudio-3-1-1/SiFive/freedom-e-sdk-v21.11.00.00/bsp/sifive-hifive1/install/lib/debug/\libmetal.a(riscv_cpu.o)
                0x201030be                __metal_driver_riscv_cpu_controller_command_request
 .text.__metal_driver_cpu_mcycle_get
                0x201030da       0x70 C:/VSD/FreedomStudio-3-1-1-x86_64-w64-mingw32/FreedomStudio-3-1-1/SiFive/freedom-e-sdk-v21.11.00.00/bsp/sifive-hifive1/install/lib/debug/\libmetal.a(riscv_cpu.o)
                0x201030da                __metal_driver_cpu_mcycle_get
 .text.__metal_driver_cpu_timebase_get
                0x2010314a       0x46 C:/VSD/FreedomStudio-3-1-1-x86_64-w64-mingw32/FreedomStudio-3-1-1/SiFive/freedom-e-sdk-v21.11.00.00/bsp/sifive-hifive1/install/lib/debug/\libmetal.a(riscv_cpu.o)
                0x2010314a                __metal_driver_cpu_timebase_get
 .text.__metal_driver_cpu_mtime_get
                0x20103190       0x66 C:/VSD/FreedomStudio-3-1-1-x86_64-w64-mingw32/FreedomStudio-3-1-1/SiFive/freedom-e-sdk-v21.11.00.00/bsp/sifive-hifive1/install/lib/debug/\libmetal.a(riscv_cpu.o)
                0x20103190                __metal_driver_cpu_mtime_get
 .text.__metal_driver_cpu_mtimecmp_set
                0x201031f6       0x76 C:/VSD/FreedomStudio-3-1-1-x86_64-w64-mingw32/FreedomStudio-3-1-1/SiFive/freedom-e-sdk-v21.11.00.00/bsp/sifive-hifive1/install/lib/debug/\libmetal.a(riscv_cpu.o)
                0x201031f6                __metal_driver_cpu_mtimecmp_set
 .text.__metal_driver_cpu_timer_controller_interrupt
                0x2010326c       0x1a C:/VSD/FreedomStudio-3-1-1-x86_64-w64-mingw32/FreedomStudio-3-1-1/SiFive/freedom-e-sdk-v21.11.00.00/bsp/sifive-hifive1/install/lib/debug/\libmetal.a(riscv_cpu.o)
                0x2010326c                __metal_driver_cpu_timer_controller_interrupt
 .text.__metal_driver_cpu_get_timer_interrupt_id
                0x20103286       0x14 C:/VSD/FreedomStudio-3-1-1-x86_64-w64-mingw32/FreedomStudio-3-1-1/SiFive/freedom-e-sdk-v21.11.00.00/bsp/sifive-hifive1/install/lib/debug/\libmetal.a(riscv_cpu.o)
                0x20103286                __metal_driver_cpu_get_timer_interrupt_id
 .text.__metal_driver_cpu_sw_controller_interrupt
                0x2010329a       0x1a C:/VSD/FreedomStudio-3-1-1-x86_64-w64-mingw32/FreedomStudio-3-1-1/SiFive/freedom-e-sdk-v21.11.00.00/bsp/sifive-hifive1/install/lib/debug/\libmetal.a(riscv_cpu.o)
                0x2010329a                __metal_driver_cpu_sw_controller_interrupt
 .text.__metal_driver_cpu_get_sw_interrupt_id
                0x201032b4       0x14 C:/VSD/FreedomStudio-3-1-1-x86_64-w64-mingw32/FreedomStudio-3-1-1/SiFive/freedom-e-sdk-v21.11.00.00/bsp/sifive-hifive1/install/lib/debug/\libmetal.a(riscv_cpu.o)
                0x201032b4                __metal_driver_cpu_get_sw_interrupt_id
 .text.__metal_driver_cpu_set_sw_ipi
                0x201032c8       0x62 C:/VSD/FreedomStudio-3-1-1-x86_64-w64-mingw32/FreedomStudio-3-1-1/SiFive/freedom-e-sdk-v21.11.00.00/bsp/sifive-hifive1/install/lib/debug/\libmetal.a(riscv_cpu.o)
                0x201032c8                __metal_driver_cpu_set_sw_ipi
 .text.__metal_driver_cpu_clear_sw_ipi
                0x2010332a       0x62 C:/VSD/FreedomStudio-3-1-1-x86_64-w64-mingw32/FreedomStudio-3-1-1/SiFive/freedom-e-sdk-v21.11.00.00/bsp/sifive-hifive1/install/lib/debug/\libmetal.a(riscv_cpu.o)
                0x2010332a                __metal_driver_cpu_clear_sw_ipi
 .text.__metal_driver_cpu_get_msip
                0x2010338c       0x60 C:/VSD/FreedomStudio-3-1-1-x86_64-w64-mingw32/FreedomStudio-3-1-1/SiFive/freedom-e-sdk-v21.11.00.00/bsp/sifive-hifive1/install/lib/debug/\libmetal.a(riscv_cpu.o)
                0x2010338c                __metal_driver_cpu_get_msip
 .text.__metal_driver_cpu_controller_interrupt
                0x201033ec       0x20 C:/VSD/FreedomStudio-3-1-1-x86_64-w64-mingw32/FreedomStudio-3-1-1/SiFive/freedom-e-sdk-v21.11.00.00/bsp/sifive-hifive1/install/lib/debug/\libmetal.a(riscv_cpu.o)
                0x201033ec                __metal_driver_cpu_controller_interrupt
 .text.__metal_driver_cpu_exception_register
                0x2010340c       0x46 C:/VSD/FreedomStudio-3-1-1-x86_64-w64-mingw32/FreedomStudio-3-1-1/SiFive/freedom-e-sdk-v21.11.00.00/bsp/sifive-hifive1/install/lib/debug/\libmetal.a(riscv_cpu.o)
                0x2010340c                __metal_driver_cpu_exception_register
 .text.__metal_driver_cpu_get_instruction_length
                0x20103452       0x2e C:/VSD/FreedomStudio-3-1-1-x86_64-w64-mingw32/FreedomStudio-3-1-1/SiFive/freedom-e-sdk-v21.11.00.00/bsp/sifive-hifive1/install/lib/debug/\libmetal.a(riscv_cpu.o)
                0x20103452                __metal_driver_cpu_get_instruction_length
 .text.__metal_driver_cpu_get_exception_pc
                0x20103480       0x1e C:/VSD/FreedomStudio-3-1-1-x86_64-w64-mingw32/FreedomStudio-3-1-1/SiFive/freedom-e-sdk-v21.11.00.00/bsp/sifive-hifive1/install/lib/debug/\libmetal.a(riscv_cpu.o)
                0x20103480                __metal_driver_cpu_get_exception_pc
 .text.__metal_driver_cpu_set_exception_pc
                0x2010349e       0x20 C:/VSD/FreedomStudio-3-1-1-x86_64-w64-mingw32/FreedomStudio-3-1-1/SiFive/freedom-e-sdk-v21.11.00.00/bsp/sifive-hifive1/install/lib/debug/\libmetal.a(riscv_cpu.o)
                0x2010349e                __metal_driver_cpu_set_exception_pc
 .text.__metal_driver_cpu_get_buserror
                0x201034be       0x20 C:/VSD/FreedomStudio-3-1-1-x86_64-w64-mingw32/FreedomStudio-3-1-1/SiFive/freedom-e-sdk-v21.11.00.00/bsp/sifive-hifive1/install/lib/debug/\libmetal.a(riscv_cpu.o)
                0x201034be                __metal_driver_cpu_get_buserror
 .text.__metal_driver_sifive_plic0_control_base
                0x201034de       0x2a C:/VSD/FreedomStudio-3-1-1-x86_64-w64-mingw32/FreedomStudio-3-1-1/SiFive/freedom-e-sdk-v21.11.00.00/bsp/sifive-hifive1/install/lib/debug/\libmetal.a(riscv_plic0.o)
 .text.__metal_driver_sifive_plic0_num_interrupts
                0x20103508       0x2a C:/VSD/FreedomStudio-3-1-1-x86_64-w64-mingw32/FreedomStudio-3-1-1/SiFive/freedom-e-sdk-v21.11.00.00/bsp/sifive-hifive1/install/lib/debug/\libmetal.a(riscv_plic0.o)
 .text.__metal_driver_sifive_plic0_max_priority
                0x20103532       0x28 C:/VSD/FreedomStudio-3-1-1-x86_64-w64-mingw32/FreedomStudio-3-1-1/SiFive/freedom-e-sdk-v21.11.00.00/bsp/sifive-hifive1/install/lib/debug/\libmetal.a(riscv_plic0.o)
 .text.__metal_driver_sifive_plic0_interrupt_parents
                0x2010355a       0x28 C:/VSD/FreedomStudio-3-1-1-x86_64-w64-mingw32/FreedomStudio-3-1-1/SiFive/freedom-e-sdk-v21.11.00.00/bsp/sifive-hifive1/install/lib/debug/\libmetal.a(riscv_plic0.o)
 .text.__metal_driver_sifive_plic0_interrupt_lines
                0x20103582       0x22 C:/VSD/FreedomStudio-3-1-1-x86_64-w64-mingw32/FreedomStudio-3-1-1/SiFive/freedom-e-sdk-v21.11.00.00/bsp/sifive-hifive1/install/lib/debug/\libmetal.a(riscv_plic0.o)
 .text.__metal_driver_sifive_plic0_context_ids
                0x201035a4       0x1e C:/VSD/FreedomStudio-3-1-1-x86_64-w64-mingw32/FreedomStudio-3-1-1/SiFive/freedom-e-sdk-v21.11.00.00/bsp/sifive-hifive1/install/lib/debug/\libmetal.a(riscv_plic0.o)
 .text.__metal_plic0_claim_interrupt
                0x201035c2       0x3c C:/VSD/FreedomStudio-3-1-1-x86_64-w64-mingw32/FreedomStudio-3-1-1/SiFive/freedom-e-sdk-v21.11.00.00/bsp/sifive-hifive1/install/lib/debug/\libmetal.a(riscv_plic0.o)
                0x201035c2                __metal_plic0_claim_interrupt
 .text.__metal_plic0_complete_interrupt
                0x201035fe       0x46 C:/VSD/FreedomStudio-3-1-1-x86_64-w64-mingw32/FreedomStudio-3-1-1/SiFive/freedom-e-sdk-v21.11.00.00/bsp/sifive-hifive1/install/lib/debug/\libmetal.a(riscv_plic0.o)
                0x201035fe                __metal_plic0_complete_interrupt
 .text.__metal_plic0_set_threshold
                0x20103644       0x46 C:/VSD/FreedomStudio-3-1-1-x86_64-w64-mingw32/FreedomStudio-3-1-1/SiFive/freedom-e-sdk-v21.11.00.00/bsp/sifive-hifive1/install/lib/debug/\libmetal.a(riscv_plic0.o)
                0x20103644                __metal_plic0_set_threshold
 .text.__metal_plic0_get_threshold
                0x2010368a       0x3a C:/VSD/FreedomStudio-3-1-1-x86_64-w64-mingw32/FreedomStudio-3-1-1/SiFive/freedom-e-sdk-v21.11.00.00/bsp/sifive-hifive1/install/lib/debug/\libmetal.a(riscv_plic0.o)
                0x2010368a                __metal_plic0_get_threshold
 .text.__metal_driver_riscv_plic0_set_priority
                0x201036c4       0x62 C:/VSD/FreedomStudio-3-1-1-x86_64-w64-mingw32/FreedomStudio-3-1-1/SiFive/freedom-e-sdk-v21.11.00.00/bsp/sifive-hifive1/install/lib/debug/\libmetal.a(riscv_plic0.o)
                0x201036c4                __metal_driver_riscv_plic0_set_priority
 .text.__metal_driver_riscv_plic0_get_priority
                0x20103726       0x34 C:/VSD/FreedomStudio-3-1-1-x86_64-w64-mingw32/FreedomStudio-3-1-1/SiFive/freedom-e-sdk-v21.11.00.00/bsp/sifive-hifive1/install/lib/debug/\libmetal.a(riscv_plic0.o)
                0x20103726                __metal_driver_riscv_plic0_get_priority
 .text.__metal_plic0_enable
                0x2010375a       0xa2 C:/VSD/FreedomStudio-3-1-1-x86_64-w64-mingw32/FreedomStudio-3-1-1/SiFive/freedom-e-sdk-v21.11.00.00/bsp/sifive-hifive1/install/lib/debug/\libmetal.a(riscv_plic0.o)
                0x2010375a                __metal_plic0_enable
 .text.__metal_plic0_default_handler
                0x201037fc       0x18 C:/VSD/FreedomStudio-3-1-1-x86_64-w64-mingw32/FreedomStudio-3-1-1/SiFive/freedom-e-sdk-v21.11.00.00/bsp/sifive-hifive1/install/lib/debug/\libmetal.a(riscv_plic0.o)
                0x201037fc                __metal_plic0_default_handler
 .text.__metal_plic0_handler
                0x20103814       0xa0 C:/VSD/FreedomStudio-3-1-1-x86_64-w64-mingw32/FreedomStudio-3-1-1/SiFive/freedom-e-sdk-v21.11.00.00/bsp/sifive-hifive1/install/lib/debug/\libmetal.a(riscv_plic0.o)
                0x20103814                __metal_plic0_handler
 .text.__metal_driver_riscv_plic0_init
                0x201038b4      0x150 C:/VSD/FreedomStudio-3-1-1-x86_64-w64-mingw32/FreedomStudio-3-1-1/SiFive/freedom-e-sdk-v21.11.00.00/bsp/sifive-hifive1/install/lib/debug/\libmetal.a(riscv_plic0.o)
                0x201038b4                __metal_driver_riscv_plic0_init
 .text.__metal_driver_riscv_plic0_register
                0x20103a04       0xbe C:/VSD/FreedomStudio-3-1-1-x86_64-w64-mingw32/FreedomStudio-3-1-1/SiFive/freedom-e-sdk-v21.11.00.00/bsp/sifive-hifive1/install/lib/debug/\libmetal.a(riscv_plic0.o)
                0x20103a04                __metal_driver_riscv_plic0_register
 .text.__metal_driver_riscv_plic0_enable
                0x20103ac2       0x4e C:/VSD/FreedomStudio-3-1-1-x86_64-w64-mingw32/FreedomStudio-3-1-1/SiFive/freedom-e-sdk-v21.11.00.00/bsp/sifive-hifive1/install/lib/debug/\libmetal.a(riscv_plic0.o)
                0x20103ac2                __metal_driver_riscv_plic0_enable
 .text.__metal_driver_riscv_plic0_disable
                0x20103b10       0x4e C:/VSD/FreedomStudio-3-1-1-x86_64-w64-mingw32/FreedomStudio-3-1-1/SiFive/freedom-e-sdk-v21.11.00.00/bsp/sifive-hifive1/install/lib/debug/\libmetal.a(riscv_plic0.o)
                0x20103b10                __metal_driver_riscv_plic0_disable
 .text.__metal_driver_riscv_plic0_set_threshold
                0x20103b5e       0x30 C:/VSD/FreedomStudio-3-1-1-x86_64-w64-mingw32/FreedomStudio-3-1-1/SiFive/freedom-e-sdk-v21.11.00.00/bsp/sifive-hifive1/install/lib/debug/\libmetal.a(riscv_plic0.o)
                0x20103b5e                __metal_driver_riscv_plic0_set_threshold
 .text.__metal_driver_riscv_plic0_get_threshold
                0x20103b8e       0x28 C:/VSD/FreedomStudio-3-1-1-x86_64-w64-mingw32/FreedomStudio-3-1-1/SiFive/freedom-e-sdk-v21.11.00.00/bsp/sifive-hifive1/install/lib/debug/\libmetal.a(riscv_plic0.o)
                0x20103b8e                __metal_driver_riscv_plic0_get_threshold
 .text.__metal_driver_riscv_plic0_affinity_enable
                0x20103bb6       0x9a C:/VSD/FreedomStudio-3-1-1-x86_64-w64-mingw32/FreedomStudio-3-1-1/SiFive/freedom-e-sdk-v21.11.00.00/bsp/sifive-hifive1/install/lib/debug/\libmetal.a(riscv_plic0.o)
                0x20103bb6                __metal_driver_riscv_plic0_affinity_enable
 .text.__metal_driver_riscv_plic0_affinity_disable
                0x20103c50       0x9c C:/VSD/FreedomStudio-3-1-1-x86_64-w64-mingw32/FreedomStudio-3-1-1/SiFive/freedom-e-sdk-v21.11.00.00/bsp/sifive-hifive1/install/lib/debug/\libmetal.a(riscv_plic0.o)
                0x20103c50                __metal_driver_riscv_plic0_affinity_disable
 .text.__metal_driver_riscv_plic0_affinity_set_threshold
                0x20103cec       0x74 C:/VSD/FreedomStudio-3-1-1-x86_64-w64-mingw32/FreedomStudio-3-1-1/SiFive/freedom-e-sdk-v21.11.00.00/bsp/sifive-hifive1/install/lib/debug/\libmetal.a(riscv_plic0.o)
                0x20103cec                __metal_driver_riscv_plic0_affinity_set_threshold
 .text.__metal_driver_riscv_plic0_affinity_get_threshold
                0x20103d60       0x28 C:/VSD/FreedomStudio-3-1-1-x86_64-w64-mingw32/FreedomStudio-3-1-1/SiFive/freedom-e-sdk-v21.11.00.00/bsp/sifive-hifive1/install/lib/debug/\libmetal.a(riscv_plic0.o)
                0x20103d60                __metal_driver_riscv_plic0_affinity_get_threshold
 .text.__metal_driver_sifive_fe310_g000_hfrosc_ref
                0x20103d88       0x1a C:/VSD/FreedomStudio-3-1-1-x86_64-w64-mingw32/FreedomStudio-3-1-1/SiFive/freedom-e-sdk-v21.11.00.00/bsp/sifive-hifive1/install/lib/debug/\libmetal.a(sifive_fe310-g000_hfrosc.o)
 .text.__metal_driver_sifive_fe310_g000_hfrosc_config_base
                0x20103da2       0x16 C:/VSD/FreedomStudio-3-1-1-x86_64-w64-mingw32/FreedomStudio-3-1-1/SiFive/freedom-e-sdk-v21.11.00.00/bsp/sifive-hifive1/install/lib/debug/\libmetal.a(sifive_fe310-g000_hfrosc.o)
 .text.__metal_driver_sifive_fe310_g000_hfrosc_config_offset
                0x20103db8       0x14 C:/VSD/FreedomStudio-3-1-1-x86_64-w64-mingw32/FreedomStudio-3-1-1/SiFive/freedom-e-sdk-v21.11.00.00/bsp/sifive-hifive1/install/lib/debug/\libmetal.a(sifive_fe310-g000_hfrosc.o)
 .text.__metal_driver_sifive_fe310_g000_prci_vtable
                0x20103dcc       0x16 C:/VSD/FreedomStudio-3-1-1-x86_64-w64-mingw32/FreedomStudio-3-1-1/SiFive/freedom-e-sdk-v21.11.00.00/bsp/sifive-hifive1/install/lib/debug/\libmetal.a(sifive_fe310-g000_hfrosc.o)
 .text.__metal_driver_sifive_fe310_g000_hfrosc_get_rate_hz
                0x20103de2       0x84 C:/VSD/FreedomStudio-3-1-1-x86_64-w64-mingw32/FreedomStudio-3-1-1/SiFive/freedom-e-sdk-v21.11.00.00/bsp/sifive-hifive1/install/lib/debug/\libmetal.a(sifive_fe310-g000_hfrosc.o)
                0x20103de2                __metal_driver_sifive_fe310_g000_hfrosc_get_rate_hz
 .text.__metal_driver_sifive_fe310_g000_hfrosc_set_rate_hz
                0x20103e66       0x22 C:/VSD/FreedomStudio-3-1-1-x86_64-w64-mingw32/FreedomStudio-3-1-1/SiFive/freedom-e-sdk-v21.11.00.00/bsp/sifive-hifive1/install/lib/debug/\libmetal.a(sifive_fe310-g000_hfrosc.o)
                0x20103e66                __metal_driver_sifive_fe310_g000_hfrosc_set_rate_hz
 .text.__metal_driver_sifive_fe310_g000_hfxosc_ref
                0x20103e88       0x1a C:/VSD/FreedomStudio-3-1-1-x86_64-w64-mingw32/FreedomStudio-3-1-1/SiFive/freedom-e-sdk-v21.11.00.00/bsp/sifive-hifive1/install/lib/debug/\libmetal.a(sifive_fe310-g000_hfxosc.o)
 .text.__metal_driver_sifive_fe310_g000_hfxosc_config_base
                0x20103ea2       0x16 C:/VSD/FreedomStudio-3-1-1-x86_64-w64-mingw32/FreedomStudio-3-1-1/SiFive/freedom-e-sdk-v21.11.00.00/bsp/sifive-hifive1/install/lib/debug/\libmetal.a(sifive_fe310-g000_hfxosc.o)
 .text.__metal_driver_sifive_fe310_g000_hfxosc_config_offset
                0x20103eb8       0x14 C:/VSD/FreedomStudio-3-1-1-x86_64-w64-mingw32/FreedomStudio-3-1-1/SiFive/freedom-e-sdk-v21.11.00.00/bsp/sifive-hifive1/install/lib/debug/\libmetal.a(sifive_fe310-g000_hfxosc.o)
 .text.__metal_driver_sifive_fe310_g000_prci_vtable
                0x20103ecc       0x16 C:/VSD/FreedomStudio-3-1-1-x86_64-w64-mingw32/FreedomStudio-3-1-1/SiFive/freedom-e-sdk-v21.11.00.00/bsp/sifive-hifive1/install/lib/debug/\libmetal.a(sifive_fe310-g000_hfxosc.o)
 .text.__metal_driver_sifive_fe310_g000_hfxosc_get_rate_hz
                0x20103ee2       0x74 C:/VSD/FreedomStudio-3-1-1-x86_64-w64-mingw32/FreedomStudio-3-1-1/SiFive/freedom-e-sdk-v21.11.00.00/bsp/sifive-hifive1/install/lib/debug/\libmetal.a(sifive_fe310-g000_hfxosc.o)
                0x20103ee2                __metal_driver_sifive_fe310_g000_hfxosc_get_rate_hz
 .text.__metal_driver_sifive_fe310_g000_hfxosc_set_rate_hz
                0x20103f56       0x22 C:/VSD/FreedomStudio-3-1-1-x86_64-w64-mingw32/FreedomStudio-3-1-1/SiFive/freedom-e-sdk-v21.11.00.00/bsp/sifive-hifive1/install/lib/debug/\libmetal.a(sifive_fe310-g000_hfxosc.o)
                0x20103f56                __metal_driver_sifive_fe310_g000_hfxosc_set_rate_hz
 .text.__metal_driver_sifive_fe310_g000_pll_pllsel0
                0x20103f78       0x1a C:/VSD/FreedomStudio-3-1-1-x86_64-w64-mingw32/FreedomStudio-3-1-1/SiFive/freedom-e-sdk-v21.11.00.00/bsp/sifive-hifive1/install/lib/debug/\libmetal.a(sifive_fe310-g000_pll.o)
 .text.__metal_driver_sifive_fe310_g000_pll_pllref
                0x20103f92       0x1a C:/VSD/FreedomStudio-3-1-1-x86_64-w64-mingw32/FreedomStudio-3-1-1/SiFive/freedom-e-sdk-v21.11.00.00/bsp/sifive-hifive1/install/lib/debug/\libmetal.a(sifive_fe310-g000_pll.o)
 .text.__metal_driver_sifive_fe310_g000_pll_divider_base
                0x20103fac       0x16 C:/VSD/FreedomStudio-3-1-1-x86_64-w64-mingw32/FreedomStudio-3-1-1/SiFive/freedom-e-sdk-v21.11.00.00/bsp/sifive-hifive1/install/lib/debug/\libmetal.a(sifive_fe310-g000_pll.o)
 .text.__metal_driver_sifive_fe310_g000_pll_divider_offset
                0x20103fc2       0x14 C:/VSD/FreedomStudio-3-1-1-x86_64-w64-mingw32/FreedomStudio-3-1-1/SiFive/freedom-e-sdk-v21.11.00.00/bsp/sifive-hifive1/install/lib/debug/\libmetal.a(sifive_fe310-g000_pll.o)
 .text.__metal_driver_sifive_fe310_g000_pll_config_base
                0x20103fd6       0x12 C:/VSD/FreedomStudio-3-1-1-x86_64-w64-mingw32/FreedomStudio-3-1-1/SiFive/freedom-e-sdk-v21.11.00.00/bsp/sifive-hifive1/install/lib/debug/\libmetal.a(sifive_fe310-g000_pll.o)
 .text.__metal_driver_sifive_fe310_g000_pll_config_offset
                0x20103fe8       0x10 C:/VSD/FreedomStudio-3-1-1-x86_64-w64-mingw32/FreedomStudio-3-1-1/SiFive/freedom-e-sdk-v21.11.00.00/bsp/sifive-hifive1/install/lib/debug/\libmetal.a(sifive_fe310-g000_pll.o)
 .text.__metal_driver_sifive_fe310_g000_pll_init_rate
                0x20103ff8       0x16 C:/VSD/FreedomStudio-3-1-1-x86_64-w64-mingw32/FreedomStudio-3-1-1/SiFive/freedom-e-sdk-v21.11.00.00/bsp/sifive-hifive1/install/lib/debug/\libmetal.a(sifive_fe310-g000_pll.o)
 .text.__metal_driver_sifive_fe310_g000_prci_base
                0x2010400e       0x12 C:/VSD/FreedomStudio-3-1-1-x86_64-w64-mingw32/FreedomStudio-3-1-1/SiFive/freedom-e-sdk-v21.11.00.00/bsp/sifive-hifive1/install/lib/debug/\libmetal.a(sifive_fe310-g000_pll.o)
 .text.__metal_driver_sifive_fe310_g000_prci_vtable
                0x20104020       0x16 C:/VSD/FreedomStudio-3-1-1-x86_64-w64-mingw32/FreedomStudio-3-1-1/SiFive/freedom-e-sdk-v21.11.00.00/bsp/sifive-hifive1/install/lib/debug/\libmetal.a(sifive_fe310-g000_pll.o)
 .text.get_pll_config_freq
                0x20104036       0x4e C:/VSD/FreedomStudio-3-1-1-x86_64-w64-mingw32/FreedomStudio-3-1-1/SiFive/freedom-e-sdk-v21.11.00.00/bsp/sifive-hifive1/install/lib/debug/\libmetal.a(sifive_fe310-g000_pll.o)
 .text.__metal_driver_sifive_fe310_g000_pll_init
                0x20104084       0xa4 C:/VSD/FreedomStudio-3-1-1-x86_64-w64-mingw32/FreedomStudio-3-1-1/SiFive/freedom-e-sdk-v21.11.00.00/bsp/sifive-hifive1/install/lib/debug/\libmetal.a(sifive_fe310-g000_pll.o)
                0x20104084                __metal_driver_sifive_fe310_g000_pll_init
 .text.__metal_driver_sifive_fe310_g000_pll_get_rate_hz
                0x20104128      0x170 C:/VSD/FreedomStudio-3-1-1-x86_64-w64-mingw32/FreedomStudio-3-1-1/SiFive/freedom-e-sdk-v21.11.00.00/bsp/sifive-hifive1/install/lib/debug/\libmetal.a(sifive_fe310-g000_pll.o)
                0x20104128                __metal_driver_sifive_fe310_g000_pll_get_rate_hz
 .text.find_closest_config
                0x20104298       0xa8 C:/VSD/FreedomStudio-3-1-1-x86_64-w64-mingw32/FreedomStudio-3-1-1/SiFive/freedom-e-sdk-v21.11.00.00/bsp/sifive-hifive1/install/lib/debug/\libmetal.a(sifive_fe310-g000_pll.o)
 .text.configure_pll
                0x20104340      0x1b0 C:/VSD/FreedomStudio-3-1-1-x86_64-w64-mingw32/FreedomStudio-3-1-1/SiFive/freedom-e-sdk-v21.11.00.00/bsp/sifive-hifive1/install/lib/debug/\libmetal.a(sifive_fe310-g000_pll.o)
 .text.__metal_driver_sifive_fe310_g000_pll_set_rate_hz
                0x201044f0      0x162 C:/VSD/FreedomStudio-3-1-1-x86_64-w64-mingw32/FreedomStudio-3-1-1/SiFive/freedom-e-sdk-v21.11.00.00/bsp/sifive-hifive1/install/lib/debug/\libmetal.a(sifive_fe310-g000_pll.o)
                0x201044f0                __metal_driver_sifive_fe310_g000_pll_set_rate_hz
 .text.__metal_driver_sifive_fe310_g000_prci_base
                0x20104652       0x12 C:/VSD/FreedomStudio-3-1-1-x86_64-w64-mingw32/FreedomStudio-3-1-1/SiFive/freedom-e-sdk-v21.11.00.00/bsp/sifive-hifive1/install/lib/debug/\libmetal.a(sifive_fe310-g000_prci.o)
 .text.__metal_driver_sifive_fe310_g000_prci_get_reg
                0x20104664       0x2e C:/VSD/FreedomStudio-3-1-1-x86_64-w64-mingw32/FreedomStudio-3-1-1/SiFive/freedom-e-sdk-v21.11.00.00/bsp/sifive-hifive1/install/lib/debug/\libmetal.a(sifive_fe310-g000_prci.o)
                0x20104664                __metal_driver_sifive_fe310_g000_prci_get_reg
 .text.__metal_driver_sifive_fe310_g000_prci_set_reg
                0x20104692       0x38 C:/VSD/FreedomStudio-3-1-1-x86_64-w64-mingw32/FreedomStudio-3-1-1/SiFive/freedom-e-sdk-v21.11.00.00/bsp/sifive-hifive1/install/lib/debug/\libmetal.a(sifive_fe310-g000_prci.o)
                0x20104692                __metal_driver_sifive_fe310_g000_prci_set_reg
 .text.__metal_driver_sifive_gpio0_base
                0x201046ca       0x26 C:/VSD/FreedomStudio-3-1-1-x86_64-w64-mingw32/FreedomStudio-3-1-1/SiFive/freedom-e-sdk-v21.11.00.00/bsp/sifive-hifive1/install/lib/debug/\libmetal.a(sifive_gpio0.o)
 .text.__metal_driver_sifive_gpio0_interrupt_parent
                0x201046f0       0x2a C:/VSD/FreedomStudio-3-1-1-x86_64-w64-mingw32/FreedomStudio-3-1-1/SiFive/freedom-e-sdk-v21.11.00.00/bsp/sifive-hifive1/install/lib/debug/\libmetal.a(sifive_gpio0.o)
 .text.__metal_driver_sifive_gpio0_interrupt_lines
                0x2010471a      0x1b4 C:/VSD/FreedomStudio-3-1-1-x86_64-w64-mingw32/FreedomStudio-3-1-1/SiFive/freedom-e-sdk-v21.11.00.00/bsp/sifive-hifive1/install/lib/debug/\libmetal.a(sifive_gpio0.o)
 .text.__metal_driver_sifive_gpio0_enable_input
                0x201048ce       0x3e C:/VSD/FreedomStudio-3-1-1-x86_64-w64-mingw32/FreedomStudio-3-1-1/SiFive/freedom-e-sdk-v21.11.00.00/bsp/sifive-hifive1/install/lib/debug/\libmetal.a(sifive_gpio0.o)
                0x201048ce                __metal_driver_sifive_gpio0_enable_input
 .text.__metal_driver_sifive_gpio0_disable_input
                0x2010490c       0x44 C:/VSD/FreedomStudio-3-1-1-x86_64-w64-mingw32/FreedomStudio-3-1-1/SiFive/freedom-e-sdk-v21.11.00.00/bsp/sifive-hifive1/install/lib/debug/\libmetal.a(sifive_gpio0.o)
                0x2010490c                __metal_driver_sifive_gpio0_disable_input
 .text.__metal_driver_sifive_gpio0_input
                0x20104950       0x28 C:/VSD/FreedomStudio-3-1-1-x86_64-w64-mingw32/FreedomStudio-3-1-1/SiFive/freedom-e-sdk-v21.11.00.00/bsp/sifive-hifive1/install/lib/debug/\libmetal.a(sifive_gpio0.o)
                0x20104950                __metal_driver_sifive_gpio0_input
 .text.__metal_driver_sifive_gpio0_output
                0x20104978       0x2a C:/VSD/FreedomStudio-3-1-1-x86_64-w64-mingw32/FreedomStudio-3-1-1/SiFive/freedom-e-sdk-v21.11.00.00/bsp/sifive-hifive1/install/lib/debug/\libmetal.a(sifive_gpio0.o)
                0x20104978                __metal_driver_sifive_gpio0_output
 .text.__metal_driver_sifive_gpio0_disable_output
                0x201049a2       0x44 C:/VSD/FreedomStudio-3-1-1-x86_64-w64-mingw32/FreedomStudio-3-1-1/SiFive/freedom-e-sdk-v21.11.00.00/bsp/sifive-hifive1/install/lib/debug/\libmetal.a(sifive_gpio0.o)
                0x201049a2                __metal_driver_sifive_gpio0_disable_output
 .text.__metal_driver_sifive_gpio0_enable_output
                0x201049e6       0x3e C:/VSD/FreedomStudio-3-1-1-x86_64-w64-mingw32/FreedomStudio-3-1-1/SiFive/freedom-e-sdk-v21.11.00.00/bsp/sifive-hifive1/install/lib/debug/\libmetal.a(sifive_gpio0.o)
                0x201049e6                __metal_driver_sifive_gpio0_enable_output
 .text.__metal_driver_sifive_gpio0_output_set
                0x20104a24       0x40 C:/VSD/FreedomStudio-3-1-1-x86_64-w64-mingw32/FreedomStudio-3-1-1/SiFive/freedom-e-sdk-v21.11.00.00/bsp/sifive-hifive1/install/lib/debug/\libmetal.a(sifive_gpio0.o)
                0x20104a24                __metal_driver_sifive_gpio0_output_set
 .text.__metal_driver_sifive_gpio0_output_clear
                0x20104a64       0x46 C:/VSD/FreedomStudio-3-1-1-x86_64-w64-mingw32/FreedomStudio-3-1-1/SiFive/freedom-e-sdk-v21.11.00.00/bsp/sifive-hifive1/install/lib/debug/\libmetal.a(sifive_gpio0.o)
                0x20104a64                __metal_driver_sifive_gpio0_output_clear
 .text.__metal_driver_sifive_gpio0_output_toggle
                0x20104aaa       0x40 C:/VSD/FreedomStudio-3-1-1-x86_64-w64-mingw32/FreedomStudio-3-1-1/SiFive/freedom-e-sdk-v21.11.00.00/bsp/sifive-hifive1/install/lib/debug/\libmetal.a(sifive_gpio0.o)
                0x20104aaa                __metal_driver_sifive_gpio0_output_toggle
 .text.__metal_driver_sifive_gpio0_enable_io
                0x20104aea       0x62 C:/VSD/FreedomStudio-3-1-1-x86_64-w64-mingw32/FreedomStudio-3-1-1/SiFive/freedom-e-sdk-v21.11.00.00/bsp/sifive-hifive1/install/lib/debug/\libmetal.a(sifive_gpio0.o)
                0x20104aea                __metal_driver_sifive_gpio0_enable_io
 .text.__metal_driver_sifive_gpio0_disable_io
                0x20104b4c       0x4a C:/VSD/FreedomStudio-3-1-1-x86_64-w64-mingw32/FreedomStudio-3-1-1/SiFive/freedom-e-sdk-v21.11.00.00/bsp/sifive-hifive1/install/lib/debug/\libmetal.a(sifive_gpio0.o)
                0x20104b4c                __metal_driver_sifive_gpio0_disable_io
 .text.__metal_driver_sifive_gpio0_config_int
                0x20104b96      0x206 C:/VSD/FreedomStudio-3-1-1-x86_64-w64-mingw32/FreedomStudio-3-1-1/SiFive/freedom-e-sdk-v21.11.00.00/bsp/sifive-hifive1/install/lib/debug/\libmetal.a(sifive_gpio0.o)
                0x20104b96                __metal_driver_sifive_gpio0_config_int
 .text.__metal_driver_sifive_gpio0_clear_int
                0x20104d9c      0x188 C:/VSD/FreedomStudio-3-1-1-x86_64-w64-mingw32/FreedomStudio-3-1-1/SiFive/freedom-e-sdk-v21.11.00.00/bsp/sifive-hifive1/install/lib/debug/\libmetal.a(sifive_gpio0.o)
                0x20104d9c                __metal_driver_sifive_gpio0_clear_int
 .text.__metal_driver_gpio_interrupt_controller
                0x20104f24       0x20 C:/VSD/FreedomStudio-3-1-1-x86_64-w64-mingw32/FreedomStudio-3-1-1/SiFive/freedom-e-sdk-v21.11.00.00/bsp/sifive-hifive1/install/lib/debug/\libmetal.a(sifive_gpio0.o)
                0x20104f24                __metal_driver_gpio_interrupt_controller
 .text.__metal_driver_gpio_get_interrupt_id
                0x20104f44       0x2e C:/VSD/FreedomStudio-3-1-1-x86_64-w64-mingw32/FreedomStudio-3-1-1/SiFive/freedom-e-sdk-v21.11.00.00/bsp/sifive-hifive1/install/lib/debug/\libmetal.a(sifive_gpio0.o)
                0x20104f44                __metal_driver_gpio_get_interrupt_id
 .text.__metal_driver_sifive_uart0_control_base
                0x20104f72       0x2a C:/VSD/FreedomStudio-3-1-1-x86_64-w64-mingw32/FreedomStudio-3-1-1/SiFive/freedom-e-sdk-v21.11.00.00/bsp/sifive-hifive1/install/lib/debug/\libmetal.a(sifive_uart0.o)
 .text.__metal_driver_sifive_uart0_interrupt_parent
                0x20104f9c       0x2e C:/VSD/FreedomStudio-3-1-1-x86_64-w64-mingw32/FreedomStudio-3-1-1/SiFive/freedom-e-sdk-v21.11.00.00/bsp/sifive-hifive1/install/lib/debug/\libmetal.a(sifive_uart0.o)
 .text.__metal_driver_sifive_uart0_interrupt_line
                0x20104fca       0x28 C:/VSD/FreedomStudio-3-1-1-x86_64-w64-mingw32/FreedomStudio-3-1-1/SiFive/freedom-e-sdk-v21.11.00.00/bsp/sifive-hifive1/install/lib/debug/\libmetal.a(sifive_uart0.o)
 .text.__metal_driver_sifive_uart0_clock
                0x20104ff2       0x2e C:/VSD/FreedomStudio-3-1-1-x86_64-w64-mingw32/FreedomStudio-3-1-1/SiFive/freedom-e-sdk-v21.11.00.00/bsp/sifive-hifive1/install/lib/debug/\libmetal.a(sifive_uart0.o)
 .text.__metal_driver_sifive_uart0_pinmux
                0x20105020       0x2a C:/VSD/FreedomStudio-3-1-1-x86_64-w64-mingw32/FreedomStudio-3-1-1/SiFive/freedom-e-sdk-v21.11.00.00/bsp/sifive-hifive1/install/lib/debug/\libmetal.a(sifive_uart0.o)
 .text.__metal_driver_sifive_uart0_pinmux_output_selector
                0x2010504a       0x28 C:/VSD/FreedomStudio-3-1-1-x86_64-w64-mingw32/FreedomStudio-3-1-1/SiFive/freedom-e-sdk-v21.11.00.00/bsp/sifive-hifive1/install/lib/debug/\libmetal.a(sifive_uart0.o)
 .text.__metal_driver_sifive_uart0_pinmux_source_selector
                0x20105072       0x2a C:/VSD/FreedomStudio-3-1-1-x86_64-w64-mingw32/FreedomStudio-3-1-1/SiFive/freedom-e-sdk-v21.11.00.00/bsp/sifive-hifive1/install/lib/debug/\libmetal.a(sifive_uart0.o)
 .text.__metal_driver_sifive_uart0_interrupt_controller
                0x2010509c       0x1e C:/VSD/FreedomStudio-3-1-1-x86_64-w64-mingw32/FreedomStudio-3-1-1/SiFive/freedom-e-sdk-v21.11.00.00/bsp/sifive-hifive1/install/lib/debug/\libmetal.a(sifive_uart0.o)
                0x2010509c                __metal_driver_sifive_uart0_interrupt_controller
 .text.__metal_driver_sifive_uart0_get_interrupt_id
                0x201050ba       0x1e C:/VSD/FreedomStudio-3-1-1-x86_64-w64-mingw32/FreedomStudio-3-1-1/SiFive/freedom-e-sdk-v21.11.00.00/bsp/sifive-hifive1/install/lib/debug/\libmetal.a(sifive_uart0.o)
                0x201050ba                __metal_driver_sifive_uart0_get_interrupt_id
 .text.__metal_driver_sifive_uart0_tx_interrupt_enable
                0x201050d8       0x38 C:/VSD/FreedomStudio-3-1-1-x86_64-w64-mingw32/FreedomStudio-3-1-1/SiFive/freedom-e-sdk-v21.11.00.00/bsp/sifive-hifive1/install/lib/debug/\libmetal.a(sifive_uart0.o)
                0x201050d8                __metal_driver_sifive_uart0_tx_interrupt_enable
 .text.__metal_driver_sifive_uart0_tx_interrupt_disable
                0x20105110       0x36 C:/VSD/FreedomStudio-3-1-1-x86_64-w64-mingw32/FreedomStudio-3-1-1/SiFive/freedom-e-sdk-v21.11.00.00/bsp/sifive-hifive1/install/lib/debug/\libmetal.a(sifive_uart0.o)
                0x20105110                __metal_driver_sifive_uart0_tx_interrupt_disable
 .text.__metal_driver_sifive_uart0_rx_interrupt_enable
                0x20105146       0x38 C:/VSD/FreedomStudio-3-1-1-x86_64-w64-mingw32/FreedomStudio-3-1-1/SiFive/freedom-e-sdk-v21.11.00.00/bsp/sifive-hifive1/install/lib/debug/\libmetal.a(sifive_uart0.o)
                0x20105146                __metal_driver_sifive_uart0_rx_interrupt_enable
 .text.__metal_driver_sifive_uart0_rx_interrupt_disable
                0x2010517e       0x36 C:/VSD/FreedomStudio-3-1-1-x86_64-w64-mingw32/FreedomStudio-3-1-1/SiFive/freedom-e-sdk-v21.11.00.00/bsp/sifive-hifive1/install/lib/debug/\libmetal.a(sifive_uart0.o)
                0x2010517e                __metal_driver_sifive_uart0_rx_interrupt_disable
 .text.__metal_driver_sifive_uart0_txready
                0x201051b4       0x2e C:/VSD/FreedomStudio-3-1-1-x86_64-w64-mingw32/FreedomStudio-3-1-1/SiFive/freedom-e-sdk-v21.11.00.00/bsp/sifive-hifive1/install/lib/debug/\libmetal.a(sifive_uart0.o)
                0x201051b4                __metal_driver_sifive_uart0_txready
 .text.__metal_driver_sifive_uart0_set_tx_watermark
                0x201051e2       0x48 C:/VSD/FreedomStudio-3-1-1-x86_64-w64-mingw32/FreedomStudio-3-1-1/SiFive/freedom-e-sdk-v21.11.00.00/bsp/sifive-hifive1/install/lib/debug/\libmetal.a(sifive_uart0.o)
                0x201051e2                __metal_driver_sifive_uart0_set_tx_watermark
 .text.__metal_driver_sifive_uart0_get_tx_watermark
                0x2010522a       0x2e C:/VSD/FreedomStudio-3-1-1-x86_64-w64-mingw32/FreedomStudio-3-1-1/SiFive/freedom-e-sdk-v21.11.00.00/bsp/sifive-hifive1/install/lib/debug/\libmetal.a(sifive_uart0.o)
                0x2010522a                __metal_driver_sifive_uart0_get_tx_watermark
 .text.__metal_driver_sifive_uart0_set_rx_watermark
                0x20105258       0x4a C:/VSD/FreedomStudio-3-1-1-x86_64-w64-mingw32/FreedomStudio-3-1-1/SiFive/freedom-e-sdk-v21.11.00.00/bsp/sifive-hifive1/install/lib/debug/\libmetal.a(sifive_uart0.o)
                0x20105258                __metal_driver_sifive_uart0_set_rx_watermark
 .text.__metal_driver_sifive_uart0_get_rx_watermark
                0x201052a2       0x30 C:/VSD/FreedomStudio-3-1-1-x86_64-w64-mingw32/FreedomStudio-3-1-1/SiFive/freedom-e-sdk-v21.11.00.00/bsp/sifive-hifive1/install/lib/debug/\libmetal.a(sifive_uart0.o)
                0x201052a2                __metal_driver_sifive_uart0_get_rx_watermark
 .text.__metal_driver_sifive_uart0_putc
                0x201052d2       0x40 C:/VSD/FreedomStudio-3-1-1-x86_64-w64-mingw32/FreedomStudio-3-1-1/SiFive/freedom-e-sdk-v21.11.00.00/bsp/sifive-hifive1/install/lib/debug/\libmetal.a(sifive_uart0.o)
                0x201052d2                __metal_driver_sifive_uart0_putc
 .text.__metal_driver_sifive_uart0_getc
                0x20105312       0x56 C:/VSD/FreedomStudio-3-1-1-x86_64-w64-mingw32/FreedomStudio-3-1-1/SiFive/freedom-e-sdk-v21.11.00.00/bsp/sifive-hifive1/install/lib/debug/\libmetal.a(sifive_uart0.o)
                0x20105312                __metal_driver_sifive_uart0_getc
 .text.__metal_driver_sifive_uart0_get_baud_rate
                0x20105368       0x20 C:/VSD/FreedomStudio-3-1-1-x86_64-w64-mingw32/FreedomStudio-3-1-1/SiFive/freedom-e-sdk-v21.11.00.00/bsp/sifive-hifive1/install/lib/debug/\libmetal.a(sifive_uart0.o)
                0x20105368                __metal_driver_sifive_uart0_get_baud_rate
 .text.__metal_driver_sifive_uart0_set_baud_rate
                0x20105388       0xa0 C:/VSD/FreedomStudio-3-1-1-x86_64-w64-mingw32/FreedomStudio-3-1-1/SiFive/freedom-e-sdk-v21.11.00.00/bsp/sifive-hifive1/install/lib/debug/\libmetal.a(sifive_uart0.o)
                0x20105388                __metal_driver_sifive_uart0_set_baud_rate
 .text.pre_rate_change_callback_func
                0x20105428       0xda C:/VSD/FreedomStudio-3-1-1-x86_64-w64-mingw32/FreedomStudio-3-1-1/SiFive/freedom-e-sdk-v21.11.00.00/bsp/sifive-hifive1/install/lib/debug/\libmetal.a(sifive_uart0.o)
 .text.post_rate_change_callback_func
                0x20105502       0x2e C:/VSD/FreedomStudio-3-1-1-x86_64-w64-mingw32/FreedomStudio-3-1-1/SiFive/freedom-e-sdk-v21.11.00.00/bsp/sifive-hifive1/install/lib/debug/\libmetal.a(sifive_uart0.o)
 .text.__metal_driver_sifive_uart0_init
                0x20105530       0xd0 C:/VSD/FreedomStudio-3-1-1-x86_64-w64-mingw32/FreedomStudio-3-1-1/SiFive/freedom-e-sdk-v21.11.00.00/bsp/sifive-hifive1/install/lib/debug/\libmetal.a(sifive_uart0.o)
                0x20105530                __metal_driver_sifive_uart0_init
 .text._metal_clock_call_all_callbacks
                0x20105600       0x42 C:/VSD/FreedomStudio-3-1-1-x86_64-w64-mingw32/FreedomStudio-3-1-1/SiFive/freedom-e-sdk-v21.11.00.00/bsp/sifive-hifive1/install/lib/debug/\libmetal.a(clock.o)
                0x20105600                _metal_clock_call_all_callbacks
 .text._metal_clock_append_to_callbacks
                0x20105642       0x54 C:/VSD/FreedomStudio-3-1-1-x86_64-w64-mingw32/FreedomStudio-3-1-1/SiFive/freedom-e-sdk-v21.11.00.00/bsp/sifive-hifive1/install/lib/debug/\libmetal.a(clock.o)
                0x20105642                _metal_clock_append_to_callbacks
 .text.metal_clock_get_rate_hz
                0x20105696       0x26 C:/VSD/FreedomStudio-3-1-1-x86_64-w64-mingw32/FreedomStudio-3-1-1/SiFive/freedom-e-sdk-v21.11.00.00/bsp/sifive-hifive1/install/lib/debug/\libmetal.a(clock.o)
                0x20105696                metal_clock_get_rate_hz
 .text.metal_clock_set_rate_hz
                0x201056bc       0x48 C:/VSD/FreedomStudio-3-1-1-x86_64-w64-mingw32/FreedomStudio-3-1-1/SiFive/freedom-e-sdk-v21.11.00.00/bsp/sifive-hifive1/install/lib/debug/\libmetal.a(clock.o)
                0x201056bc                metal_clock_set_rate_hz
 .text.metal_clock_register_pre_rate_change_callback
                0x20105704       0x30 C:/VSD/FreedomStudio-3-1-1-x86_64-w64-mingw32/FreedomStudio-3-1-1/SiFive/freedom-e-sdk-v21.11.00.00/bsp/sifive-hifive1/install/lib/debug/\libmetal.a(clock.o)
                0x20105704                metal_clock_register_pre_rate_change_callback
 .text.metal_clock_register_post_rate_change_callback
                0x20105734       0x30 C:/VSD/FreedomStudio-3-1-1-x86_64-w64-mingw32/FreedomStudio-3-1-1/SiFive/freedom-e-sdk-v21.11.00.00/bsp/sifive-hifive1/install/lib/debug/\libmetal.a(clock.o)
                0x20105734                metal_clock_register_post_rate_change_callback
 .text.metal_cpu_interrupt_controller
                0x20105764       0x26 C:/VSD/FreedomStudio-3-1-1-x86_64-w64-mingw32/FreedomStudio-3-1-1/SiFive/freedom-e-sdk-v21.11.00.00/bsp/sifive-hifive1/install/lib/debug/\libmetal.a(cpu.o)
                0x20105764                metal_cpu_interrupt_controller
 .text.metal_cpu_get
                0x2010578a       0x2e C:/VSD/FreedomStudio-3-1-1-x86_64-w64-mingw32/FreedomStudio-3-1-1/SiFive/freedom-e-sdk-v21.11.00.00/bsp/sifive-hifive1/install/lib/debug/\libmetal.a(cpu.o)
                0x2010578a                metal_cpu_get
 .text.metal_cpu_get_current_hartid
                0x201057b8       0x1a C:/VSD/FreedomStudio-3-1-1-x86_64-w64-mingw32/FreedomStudio-3-1-1/SiFive/freedom-e-sdk-v21.11.00.00/bsp/sifive-hifive1/install/lib/debug/\libmetal.a(cpu.o)
                0x201057b8                metal_cpu_get_current_hartid
 .text.metal_shutdown
                0x201057d2        0xe C:/VSD/FreedomStudio-3-1-1-x86_64-w64-mingw32/FreedomStudio-3-1-1/SiFive/freedom-e-sdk-v21.11.00.00/bsp/sifive-hifive1/install/lib/debug/\libmetal.a(shutdown.o)
                0x201057d2                metal_shutdown
 .text.metal_uart_init
                0x201057e0       0x2c C:/VSD/FreedomStudio-3-1-1-x86_64-w64-mingw32/FreedomStudio-3-1-1/SiFive/freedom-e-sdk-v21.11.00.00/bsp/sifive-hifive1/install/lib/debug/\libmetal.a(uart.o)
                0x201057e0                metal_uart_init
 .text.metal_uart_set_baud_rate
                0x2010580c       0x2e C:/VSD/FreedomStudio-3-1-1-x86_64-w64-mingw32/FreedomStudio-3-1-1/SiFive/freedom-e-sdk-v21.11.00.00/bsp/sifive-hifive1/install/lib/debug/\libmetal.a(uart.o)
                0x2010580c                metal_uart_set_baud_rate
 *fill*         0x2010583a       0x46 
 .text          0x20105880       0x80 C:/VSD/FreedomStudio-3-1-1-x86_64-w64-mingw32/FreedomStudio-3-1-1/SiFive/freedom-e-sdk-v21.11.00.00/bsp/sifive-hifive1/install/lib/debug/\libmetal.a(vector.o)
                0x20105880                __metal_vector_table
 .text.__metal_driver_fixed_clock_rate
                0x20105900       0x62 C:/VSD/FreedomStudio-3-1-1-x86_64-w64-mingw32/FreedomStudio-3-1-1/SiFive/freedom-e-sdk-v21.11.00.00/bsp/sifive-hifive1/install/lib/debug/\libmetal.a(fixed-clock.o)
 .text.__metal_driver_fixed_clock_get_rate_hz
                0x20105962       0x1e C:/VSD/FreedomStudio-3-1-1-x86_64-w64-mingw32/FreedomStudio-3-1-1/SiFive/freedom-e-sdk-v21.11.00.00/bsp/sifive-hifive1/install/lib/debug/\libmetal.a(fixed-clock.o)
                0x20105962                __metal_driver_fixed_clock_get_rate_hz
 .text.__metal_driver_fixed_clock_set_rate_hz
                0x20105980       0x22 C:/VSD/FreedomStudio-3-1-1-x86_64-w64-mingw32/FreedomStudio-3-1-1/SiFive/freedom-e-sdk-v21.11.00.00/bsp/sifive-hifive1/install/lib/debug/\libmetal.a(fixed-clock.o)
                0x20105980                __metal_driver_fixed_clock_set_rate_hz
 .text._exit    0x201059a2       0x12 C:/VSD/FreedomStudio-3-1-1-x86_64-w64-mingw32/FreedomStudio-3-1-1/SiFive/freedom-e-sdk-v21.11.00.00/bsp/sifive-hifive1/install/lib/debug/\libmetal-gloss.a(sys_exit.o)
                0x201059a2                _exit
 *(.gnu.linkonce.t.*)

.rela.dyn       0x201059b4        0x0
 .rela.text.metal.init.enter
                0x201059b4        0x0 C:\Users\shwet\AppData\Local\Temp\ccaIc242.o
 .rela.text.metal.init.scrub
                0x201059b4        0x0 C:\Users\shwet\AppData\Local\Temp\ccaIc242.o
 .rela.text.libgloss.start
                0x201059b4        0x0 C:\Users\shwet\AppData\Local\Temp\ccaIc242.o
 .rela.text.__libc_init_array
                0x201059b4        0x0 C:\Users\shwet\AppData\Local\Temp\ccaIc242.o
 .rela.text.__libc_fini_array
                0x201059b4        0x0 C:\Users\shwet\AppData\Local\Temp\ccaIc242.o
 .rela.text.__register_exitproc
                0x201059b4        0x0 C:\Users\shwet\AppData\Local\Temp\ccaIc242.o
 .rela.text.metal_init
                0x201059b4        0x0 C:\Users\shwet\AppData\Local\Temp\ccaIc242.o
 .rela.text.metal_fini
                0x201059b4        0x0 C:\Users\shwet\AppData\Local\Temp\ccaIc242.o
 .rela.text.__metal_driver_cpu_get
                0x201059b4        0x0 C:\Users\shwet\AppData\Local\Temp\ccaIc242.o
 .rela.text.metal_software_interrupt_vector_handler
                0x201059b4        0x0 C:\Users\shwet\AppData\Local\Temp\ccaIc242.o
 .rela.text.__metal_default_sw_handler
                0x201059b4        0x0 C:\Users\shwet\AppData\Local\Temp\ccaIc242.o
 .rela.text.metal_timer_interrupt_vector_handler
                0x201059b4        0x0 C:\Users\shwet\AppData\Local\Temp\ccaIc242.o
 .rela.text.__metal_exception_handler
                0x201059b4        0x0 C:\Users\shwet\AppData\Local\Temp\ccaIc242.o
 .rela.text.metal_lc0_interrupt_vector_handler
                0x201059b4        0x0 C:\Users\shwet\AppData\Local\Temp\ccaIc242.o
 .rela.text.metal_lc1_interrupt_vector_handler
                0x201059b4        0x0 C:\Users\shwet\AppData\Local\Temp\ccaIc242.o
 .rela.text.metal_lc2_interrupt_vector_handler
                0x201059b4        0x0 C:\Users\shwet\AppData\Local\Temp\ccaIc242.o
 .rela.text.metal_lc3_interrupt_vector_handler
                0x201059b4        0x0 C:\Users\shwet\AppData\Local\Temp\ccaIc242.o
 .rela.text.metal_lc4_interrupt_vector_handler
                0x201059b4        0x0 C:\Users\shwet\AppData\Local\Temp\ccaIc242.o
 .rela.text.metal_lc5_interrupt_vector_handler
                0x201059b4        0x0 C:\Users\shwet\AppData\Local\Temp\ccaIc242.o
 .rela.text.metal_lc6_interrupt_vector_handler
                0x201059b4        0x0 C:\Users\shwet\AppData\Local\Temp\ccaIc242.o
 .rela.text.metal_lc7_interrupt_vector_handler
                0x201059b4        0x0 C:\Users\shwet\AppData\Local\Temp\ccaIc242.o
 .rela.text.metal_lc8_interrupt_vector_handler
                0x201059b4        0x0 C:\Users\shwet\AppData\Local\Temp\ccaIc242.o
 .rela.text.metal_lc9_interrupt_vector_handler
                0x201059b4        0x0 C:\Users\shwet\AppData\Local\Temp\ccaIc242.o
 .rela.text.metal_lc10_interrupt_vector_handler
                0x201059b4        0x0 C:\Users\shwet\AppData\Local\Temp\ccaIc242.o
 .rela.text.metal_lc11_interrupt_vector_handler
                0x201059b4        0x0 C:\Users\shwet\AppData\Local\Temp\ccaIc242.o
 .rela.text.metal_lc12_interrupt_vector_handler
                0x201059b4        0x0 C:\Users\shwet\AppData\Local\Temp\ccaIc242.o
 .rela.text.metal_lc13_interrupt_vector_handler
                0x201059b4        0x0 C:\Users\shwet\AppData\Local\Temp\ccaIc242.o
 .rela.text.metal_lc14_interrupt_vector_handler
                0x201059b4        0x0 C:\Users\shwet\AppData\Local\Temp\ccaIc242.o
 .rela.text.metal_lc15_interrupt_vector_handler
                0x201059b4        0x0 C:\Users\shwet\AppData\Local\Temp\ccaIc242.o
 .rela.text.metal_cpu_get
                0x201059b4        0x0 C:\Users\shwet\AppData\Local\Temp\ccaIc242.o
 .rela.text     0x201059b4        0x0 C:\Users\shwet\AppData\Local\Temp\ccaIc242.o

.data           0x80000000      0xa34 load address 0x201059b8
 *(.data .data.*)
 .data.__metal_dt_clock_0
                0x80000000        0xc C:/VSD/FreedomStudio-3-1-1-x86_64-w64-mingw32/FreedomStudio-3-1-1/SiFive/freedom-e-sdk-v21.11.00.00/bsp/sifive-hifive1/install/lib/debug/\libmetal.a(inline.o)
                0x80000000                __metal_dt_clock_0
 .data.__metal_dt_clock_2
                0x8000000c        0xc C:/VSD/FreedomStudio-3-1-1-x86_64-w64-mingw32/FreedomStudio-3-1-1/SiFive/freedom-e-sdk-v21.11.00.00/bsp/sifive-hifive1/install/lib/debug/\libmetal.a(inline.o)
                0x8000000c                __metal_dt_clock_2
 .data.__metal_dt_clock_5
                0x80000018        0xc C:/VSD/FreedomStudio-3-1-1-x86_64-w64-mingw32/FreedomStudio-3-1-1/SiFive/freedom-e-sdk-v21.11.00.00/bsp/sifive-hifive1/install/lib/debug/\libmetal.a(inline.o)
                0x80000018                __metal_dt_clock_5
 *fill*         0x80000024        0x4 
 .data.__metal_dt_cpu_0_interrupt_controller
                0x80000028      0x3d0 C:/VSD/FreedomStudio-3-1-1-x86_64-w64-mingw32/FreedomStudio-3-1-1/SiFive/freedom-e-sdk-v21.11.00.00/bsp/sifive-hifive1/install/lib/debug/\libmetal.a(inline.o)
                0x80000028                __metal_dt_cpu_0_interrupt_controller
 .data.__metal_dt_interrupt_controller_c000000
                0x800003f8      0x5d8 C:/VSD/FreedomStudio-3-1-1-x86_64-w64-mingw32/FreedomStudio-3-1-1/SiFive/freedom-e-sdk-v21.11.00.00/bsp/sifive-hifive1/install/lib/debug/\libmetal.a(inline.o)
                0x800003f8                __metal_dt_interrupt_controller_c000000
 .data.__metal_dt_serial_10013000
                0x800009d0       0x20 C:/VSD/FreedomStudio-3-1-1-x86_64-w64-mingw32/FreedomStudio-3-1-1/SiFive/freedom-e-sdk-v21.11.00.00/bsp/sifive-hifive1/install/lib/debug/\libmetal.a(inline.o)
                0x800009d0                __metal_dt_serial_10013000
 .data.__metal_dt_clock_3
                0x800009f0        0xc C:/VSD/FreedomStudio-3-1-1-x86_64-w64-mingw32/FreedomStudio-3-1-1/SiFive/freedom-e-sdk-v21.11.00.00/bsp/sifive-hifive1/install/lib/debug/\libmetal.a(inline.o)
                0x800009f0                __metal_dt_clock_3
 .data.__metal_dt_clock_1
                0x800009fc        0xc C:/VSD/FreedomStudio-3-1-1-x86_64-w64-mingw32/FreedomStudio-3-1-1/SiFive/freedom-e-sdk-v21.11.00.00/bsp/sifive-hifive1/install/lib/debug/\libmetal.a(inline.o)
                0x800009fc                __metal_dt_clock_1
 .data.__metal_dt_clock_4
                0x80000a08        0xc C:/VSD/FreedomStudio-3-1-1-x86_64-w64-mingw32/FreedomStudio-3-1-1/SiFive/freedom-e-sdk-v21.11.00.00/bsp/sifive-hifive1/install/lib/debug/\libmetal.a(inline.o)
                0x80000a08                __metal_dt_clock_4
 *(.gnu.linkonce.d.*)
                0x80000a18                        . = ALIGN (0x8)
 *fill*         0x80000a14        0x4 
                0x80001218                        PROVIDE (__global_pointer$ = (. + 0x800))
 *(.sdata .sdata.* .sdata2.*)
 .sdata.__metal_cpu_table
                0x80000a18        0x4 C:/VSD/FreedomStudio-3-1-1-x86_64-w64-mingw32/FreedomStudio-3-1-1/SiFive/freedom-e-sdk-v21.11.00.00/bsp/sifive-hifive1/install/lib/debug/\libmetal.a(synchronize_harts.o)
                0x80000a18                __metal_cpu_table
 .sdata.__metal_dt_clint_2000000
                0x80000a1c        0x8 C:/VSD/FreedomStudio-3-1-1-x86_64-w64-mingw32/FreedomStudio-3-1-1/SiFive/freedom-e-sdk-v21.11.00.00/bsp/sifive-hifive1/install/lib/debug/\libmetal.a(inline.o)
                0x80000a1c                __metal_dt_clint_2000000
 .sdata.__metal_dt_cpu_0
                0x80000a24        0x8 C:/VSD/FreedomStudio-3-1-1-x86_64-w64-mingw32/FreedomStudio-3-1-1/SiFive/freedom-e-sdk-v21.11.00.00/bsp/sifive-hifive1/install/lib/debug/\libmetal.a(inline.o)
                0x80000a24                __metal_dt_cpu_0
 .sdata.__metal_dt_gpio_10012000
                0x80000a2c        0x4 C:/VSD/FreedomStudio-3-1-1-x86_64-w64-mingw32/FreedomStudio-3-1-1/SiFive/freedom-e-sdk-v21.11.00.00/bsp/sifive-hifive1/install/lib/debug/\libmetal.a(inline.o)
                0x80000a2c                __metal_dt_gpio_10012000
 .sdata.__metal_dt_prci_10008000
                0x80000a30        0x4 C:/VSD/FreedomStudio-3-1-1-x86_64-w64-mingw32/FreedomStudio-3-1-1/SiFive/freedom-e-sdk-v21.11.00.00/bsp/sifive-hifive1/install/lib/debug/\libmetal.a(inline.o)
                0x80000a30                __metal_dt_prci_10008000
 *(.gnu.linkonce.s.*)

.tdata          0x80000a38        0x0 load address 0x201063f0
                0x80000a38                        PROVIDE (__tls_base = .)
 *(.tdata .tdata.* .gnu.linkonce.td.*)
                [!provide]                        PROVIDE (__tdata_source = LOADADDR (.tdata))
                [!provide]                        PROVIDE (__tdata_size = SIZEOF (.tdata))
                0x201059b8                        PROVIDE (metal_segment_data_source_start = LOADADDR (.data))
                0x80000000                        PROVIDE (metal_segment_data_target_start = ADDR (.data))
                0x80000a38                        PROVIDE (metal_segment_data_target_end = (ADDR (.tdata) + SIZEOF (.tdata)))

.tbss           0x80000a38        0x0
 *(.tbss .tbss.* .gnu.linkonce.tb.*)
 *(.tcommon .tcommon.*)
                [!provide]                        PROVIDE (__tls_end = .)
                0x00000000                        PROVIDE (__tbss_size = SIZEOF (.tbss))
                [!provide]                        PROVIDE (__tls_size = (__tls_end - __tls_base))

.tbss_space     0x80000a38        0x0
                0x80000a38                        . = (. + __tbss_size)

.bss            0x80000a38       0x9c
 *(.sbss*)
 .sbss.__stdio_exit_handler
                0x80000a38        0x4 C:/VSD/FreedomStudio-3-1-1-x86_64-w64-mingw32/FreedomStudio-3-1-1/SiFive/riscv64-unknown-elf-toolsuite-2.0.3/bin/../lib/gcc/riscv64-unknown-elf/13.2.0/../../../../riscv64-unknown-elf/lib/rv32imac/ilp32\libc_nano.a(libc_a-findfp.o)
                0x80000a38                __stdio_exit_handler
 .sbss.__atexit
                0x80000a3c        0x4 C:/VSD/FreedomStudio-3-1-1-x86_64-w64-mingw32/FreedomStudio-3-1-1/SiFive/riscv64-unknown-elf-toolsuite-2.0.3/bin/../lib/gcc/riscv64-unknown-elf/13.2.0/../../../../riscv64-unknown-elf/lib/rv32imac/ilp32\libc_nano.a(libc_a-__call_atexit.o)
                0x80000a3c                __atexit
 .sbss.init_done.1
                0x80000a40        0x4 C:/VSD/FreedomStudio-3-1-1-x86_64-w64-mingw32/FreedomStudio-3-1-1/SiFive/freedom-e-sdk-v21.11.00.00/bsp/sifive-hifive1/install/lib/debug/\libmetal.a(init.o)
 .sbss.fini_done.0
                0x80000a44        0x4 C:/VSD/FreedomStudio-3-1-1-x86_64-w64-mingw32/FreedomStudio-3-1-1/SiFive/freedom-e-sdk-v21.11.00.00/bsp/sifive-hifive1/install/lib/debug/\libmetal.a(init.o)
 *(.gnu.linkonce.sb.*)
 *(.bss .bss.*)
 .bss.__atexit0
                0x80000a48       0x8c C:/VSD/FreedomStudio-3-1-1-x86_64-w64-mingw32/FreedomStudio-3-1-1/SiFive/riscv64-unknown-elf-toolsuite-2.0.3/bin/../lib/gcc/riscv64-unknown-elf/13.2.0/../../../../riscv64-unknown-elf/lib/rv32imac/ilp32\libc_nano.a(libc_a-__atexit.o)
                0x80000a48                __atexit0
 *(.gnu.linkonce.b.*)
 *(COMMON)
                [!provide]                        PROVIDE (metal_segment_bss_source_start = LOADADDR (.tbss))
                0x80000a38                        PROVIDE (metal_segment_bss_target_start = ADDR (.tbss))
                0x80000ad4                        PROVIDE (metal_segment_bss_target_end = (ADDR (.bss) + SIZEOF (.bss)))

.stack          0x80000ae0      0x400
                [!provide]                        PROVIDE (metal_segment_stack_begin = .)
                0x80000ee0                        . = (. + __stack_size)
 *fill*         0x80000ae0      0x400 
                0x80000ee0                        PROVIDE (_sp = .)
                [!provide]                        PROVIDE (metal_segment_stack_end = .)

.heap           0x80000ee0      0x800
                [!provide]                        PROVIDE (__end = .)
                [!provide]                        PROVIDE (__heap_start = .)
                0x80000ee0                        PROVIDE (metal_segment_heap_target_start = .)
                0x00000800                        . = DEFINED (__heap_max)?MIN ((LENGTH (ram) - (. - ORIGIN (ram))), 0x10000000):__heap_size
 *fill*         0x80000ee0      0x800 
                0x800016e0                        PROVIDE (metal_segment_heap_target_end = .)
                [!provide]                        PROVIDE (_heap_end = .)
                [!provide]                        PROVIDE (__heap_end = .)

/DISCARD/
 *(.eh_frame .eh_frame.*)
OUTPUT(hello elf32-littleriscv)

.debug_info     0x00000000    0x1d23d
 .debug_info    0x00000000      0x187 C:\Users\shwet\AppData\Local\Temp\ccaIc242.o
 .debug_info    0x00000187       0x22 C:/VSD/FreedomStudio-3-1-1-x86_64-w64-mingw32/FreedomStudio-3-1-1/SiFive/freedom-e-sdk-v21.11.00.00/bsp/sifive-hifive1/install/lib/debug/\libmetal.a(entry.o)
 .debug_info    0x000001a9       0x24 C:/VSD/FreedomStudio-3-1-1-x86_64-w64-mingw32/FreedomStudio-3-1-1/SiFive/freedom-e-sdk-v21.11.00.00/bsp/sifive-hifive1/install/lib/debug/\libmetal.a(scrub.o)
 .debug_info    0x000001cd       0x22 C:/VSD/FreedomStudio-3-1-1-x86_64-w64-mingw32/FreedomStudio-3-1-1/SiFive/freedom-e-sdk-v21.11.00.00/bsp/sifive-hifive1/install/lib/debug/\libmetal.a(trap.o)
 .debug_info    0x000001ef       0x3c C:/VSD/FreedomStudio-3-1-1-x86_64-w64-mingw32/FreedomStudio-3-1-1/SiFive/freedom-e-sdk-v21.11.00.00/bsp/sifive-hifive1/install/lib/debug/\libmetal-gloss.a(crt0.o)
 .debug_info    0x0000022b      0x194 C:/VSD/FreedomStudio-3-1-1-x86_64-w64-mingw32/FreedomStudio-3-1-1/SiFive/freedom-e-sdk-v21.11.00.00/bsp/sifive-hifive1/install/lib/debug/\libmetal.a(init.o)
 .debug_info    0x000003bf     0x171e C:/VSD/FreedomStudio-3-1-1-x86_64-w64-mingw32/FreedomStudio-3-1-1/SiFive/freedom-e-sdk-v21.11.00.00/bsp/sifive-hifive1/install/lib/debug/\libmetal.a(synchronize_harts.o)
 .debug_info    0x00001add     0x1f85 C:/VSD/FreedomStudio-3-1-1-x86_64-w64-mingw32/FreedomStudio-3-1-1/SiFive/freedom-e-sdk-v21.11.00.00/bsp/sifive-hifive1/install/lib/debug/\libmetal.a(inline.o)
 .debug_info    0x00003a62     0x1f4b C:/VSD/FreedomStudio-3-1-1-x86_64-w64-mingw32/FreedomStudio-3-1-1/SiFive/freedom-e-sdk-v21.11.00.00/bsp/sifive-hifive1/install/lib/debug/\libmetal.a(riscv_clint0.o)
 .debug_info    0x000059ad     0x2deb C:/VSD/FreedomStudio-3-1-1-x86_64-w64-mingw32/FreedomStudio-3-1-1/SiFive/freedom-e-sdk-v21.11.00.00/bsp/sifive-hifive1/install/lib/debug/\libmetal.a(riscv_cpu.o)
 .debug_info    0x00008798     0x2074 C:/VSD/FreedomStudio-3-1-1-x86_64-w64-mingw32/FreedomStudio-3-1-1/SiFive/freedom-e-sdk-v21.11.00.00/bsp/sifive-hifive1/install/lib/debug/\libmetal.a(riscv_plic0.o)
 .debug_info    0x0000a80c     0x1a2c C:/VSD/FreedomStudio-3-1-1-x86_64-w64-mingw32/FreedomStudio-3-1-1/SiFive/freedom-e-sdk-v21.11.00.00/bsp/sifive-hifive1/install/lib/debug/\libmetal.a(sifive_fe310-g000_hfrosc.o)
 .debug_info    0x0000c238     0x1a2c C:/VSD/FreedomStudio-3-1-1-x86_64-w64-mingw32/FreedomStudio-3-1-1/SiFive/freedom-e-sdk-v21.11.00.00/bsp/sifive-hifive1/install/lib/debug/\libmetal.a(sifive_fe310-g000_hfxosc.o)
 .debug_info    0x0000dc64     0x202a C:/VSD/FreedomStudio-3-1-1-x86_64-w64-mingw32/FreedomStudio-3-1-1/SiFive/freedom-e-sdk-v21.11.00.00/bsp/sifive-hifive1/install/lib/debug/\libmetal.a(sifive_fe310-g000_pll.o)
 .debug_info    0x0000fc8e     0x1879 C:/VSD/FreedomStudio-3-1-1-x86_64-w64-mingw32/FreedomStudio-3-1-1/SiFive/freedom-e-sdk-v21.11.00.00/bsp/sifive-hifive1/install/lib/debug/\libmetal.a(sifive_fe310-g000_prci.o)